  Determining projects to restore...
  Restored C:\Users\User\source\repos\nour123-pro\CWAVE\CodeWave.Docker\CodeWave.Sandbox.csproj (in 174 ms).
  4 of 5 projects are up-to-date for restore.
  CodeWave.Sandbox -> C:\Users\User\source\repos\nour123-pro\CWAVE\CodeWave.Docker\bin\Debug\net10.0\CodeWave.Sandbox.dll
C:\Users\User\source\repos\nour123-pro\CWAVE\CodeWave.Domain\Entities\Assessment.cs(10,23): warning CS8618: Non-nullable property 'Title' must contain a non-null value when exiting constructor. Consider adding the 'required' modifier or declaring the property as nullable. [C:\Users\User\source\repos\nour123-pro\CWAVE\CodeWave.Domain\CodeWave.Domain.csproj]
C:\Users\User\source\repos\nour123-pro\CWAVE\CodeWave.Domain\Entities\Assessment.cs(12,38): warning CS8618: Non-nullable property 'Questions' must contain a non-null value when exiting constructor. Consider adding the 'required' modifier or declaring the property as nullable. [C:\Users\User\source\repos\nour123-pro\CWAVE\CodeWave.Domain\CodeWave.Domain.csproj]
C:\Users\User\source\repos\nour123-pro\CWAVE\CodeWave.Domain\Entities\ExerciseSubmission.cs(14,23): warning CS8618: Non-nullable property 'SubmittedCode' must contain a non-null value when exiting constructor. Consider adding the 'required' modifier or declaring the property as nullable. [C:\Users\User\source\repos\nour123-pro\CWAVE\CodeWave.Domain\CodeWave.Domain.csproj]
C:\Users\User\source\repos\nour123-pro\CWAVE\CodeWave.Domain\Entities\ExerciseSubmission.cs(15,23): warning CS8618: Non-nullable property 'Output' must contain a non-null value when exiting constructor. Consider adding the 'required' modifier or declaring the property as nullable. [C:\Users\User\source\repos\nour123-pro\CWAVE\CodeWave.Domain\CodeWave.Domain.csproj]
C:\Users\User\source\repos\nour123-pro\CWAVE\CodeWave.Domain\Entities\ExerciseSubmission.cs(20,32): warning CS8618: Non-nullable property 'User' must contain a non-null value when exiting constructor. Consider adding the 'required' modifier or declaring the property as nullable. [C:\Users\User\source\repos\nour123-pro\CWAVE\CodeWave.Domain\CodeWave.Domain.csproj]
C:\Users\User\source\repos\nour123-pro\CWAVE\CodeWave.Domain\Entities\ExerciseSubmission.cs(21,31): warning CS8618: Non-nullable property 'Exercise' must contain a non-null value when exiting constructor. Consider adding the 'required' modifier or declaring the property as nullable. [C:\Users\User\source\repos\nour123-pro\CWAVE\CodeWave.Domain\CodeWave.Domain.csproj]
C:\Users\User\source\repos\nour123-pro\CWAVE\CodeWave.Domain\Entities\Course.cs(12,23): warning CS8618: Non-nullable property 'Title' must contain a non-null value when exiting constructor. Consider adding the 'required' modifier or declaring the property as nullable. [C:\Users\User\source\repos\nour123-pro\CWAVE\CodeWave.Domain\CodeWave.Domain.csproj]
C:\Users\User\source\repos\nour123-pro\CWAVE\CodeWave.Domain\Entities\Course.cs(14,23): warning CS8618: Non-nullable property 'Description' must contain a non-null value when exiting constructor. Consider adding the 'required' modifier or declaring the property as nullable. [C:\Users\User\source\repos\nour123-pro\CWAVE\CodeWave.Domain\CodeWave.Domain.csproj]
C:\Users\User\source\repos\nour123-pro\CWAVE\CodeWave.Domain\Entities\CV.cs(13,23): warning CS8618: Non-nullable property 'Summary' must contain a non-null value when exiting constructor. Consider adding the 'required' modifier or declaring the property as nullable. [C:\Users\User\source\repos\nour123-pro\CWAVE\CodeWave.Domain\CodeWave.Domain.csproj]
C:\Users\User\source\repos\nour123-pro\CWAVE\CodeWave.Domain\Entities\CV.cs(14,23): warning CS8618: Non-nullable property 'Skills' must contain a non-null value when exiting constructor. Consider adding the 'required' modifier or declaring the property as nullable. [C:\Users\User\source\repos\nour123-pro\CWAVE\CodeWave.Domain\CodeWave.Domain.csproj]
C:\Users\User\source\repos\nour123-pro\CWAVE\CodeWave.Domain\Entities\CV.cs(15,23): warning CS8618: Non-nullable property 'Education' must contain a non-null value when exiting constructor. Consider adding the 'required' modifier or declaring the property as nullable. [C:\Users\User\source\repos\nour123-pro\CWAVE\CodeWave.Domain\CodeWave.Domain.csproj]
C:\Users\User\source\repos\nour123-pro\CWAVE\CodeWave.Domain\Entities\CV.cs(16,23): warning CS8618: Non-nullable property 'Experience' must contain a non-null value when exiting constructor. Consider adding the 'required' modifier or declaring the property as nullable. [C:\Users\User\source\repos\nour123-pro\CWAVE\CodeWave.Domain\CodeWave.Domain.csproj]
C:\Users\User\source\repos\nour123-pro\CWAVE\CodeWave.Domain\Entities\CV.cs(17,23): warning CS8618: Non-nullable property 'Certifications' must contain a non-null value when exiting constructor. Consider adding the 'required' modifier or declaring the property as nullable. [C:\Users\User\source\repos\nour123-pro\CWAVE\CodeWave.Domain\CodeWave.Domain.csproj]
C:\Users\User\source\repos\nour123-pro\CWAVE\CodeWave.Domain\Entities\CV.cs(21,32): warning CS8618: Non-nullable property 'User' must contain a non-null value when exiting constructor. Consider adding the 'required' modifier or declaring the property as nullable. [C:\Users\User\source\repos\nour123-pro\CWAVE\CodeWave.Domain\CodeWave.Domain.csproj]
C:\Users\User\source\repos\nour123-pro\CWAVE\CodeWave.Domain\Entities\CodingExercise.cs(12,23): warning CS8618: Non-nullable property 'Title' must contain a non-null value when exiting constructor. Consider adding the 'required' modifier or declaring the property as nullable. [C:\Users\User\source\repos\nour123-pro\CWAVE\CodeWave.Domain\CodeWave.Domain.csproj]
C:\Users\User\source\repos\nour123-pro\CWAVE\CodeWave.Domain\Entities\CodingExercise.cs(13,23): warning CS8618: Non-nullable property 'Description' must contain a non-null value when exiting constructor. Consider adding the 'required' modifier or declaring the property as nullable. [C:\Users\User\source\repos\nour123-pro\CWAVE\CodeWave.Domain\CodeWave.Domain.csproj]
C:\Users\User\source\repos\nour123-pro\CWAVE\CodeWave.Domain\Entities\CodingExercise.cs(14,23): warning CS8618: Non-nullable property 'StarterCode' must contain a non-null value when exiting constructor. Consider adding the 'required' modifier or declaring the property as nullable. [C:\Users\User\source\repos\nour123-pro\CWAVE\CodeWave.Domain\CodeWave.Domain.csproj]
C:\Users\User\source\repos\nour123-pro\CWAVE\CodeWave.Domain\Entities\CodingExercise.cs(15,23): warning CS8618: Non-nullable property 'ExpectedOutput' must contain a non-null value when exiting constructor. Consider adding the 'required' modifier or declaring the property as nullable. [C:\Users\User\source\repos\nour123-pro\CWAVE\CodeWave.Domain\CodeWave.Domain.csproj]
C:\Users\User\source\repos\nour123-pro\CWAVE\CodeWave.Domain\Entities\CodingExercise.cs(17,23): warning CS8618: Non-nullable property 'Lesson' must contain a non-null value when exiting constructor. Consider adding the 'required' modifier or declaring the property as nullable. [C:\Users\User\source\repos\nour123-pro\CWAVE\CodeWave.Domain\CodeWave.Domain.csproj]
C:\Users\User\source\repos\nour123-pro\CWAVE\CodeWave.Domain\Entities\CodingExercise.cs(18,48): warning CS8618: Non-nullable property 'ExerciseSubmissions' must contain a non-null value when exiting constructor. Consider adding the 'required' modifier or declaring the property as nullable. [C:\Users\User\source\repos\nour123-pro\CWAVE\CodeWave.Domain\CodeWave.Domain.csproj]
C:\Users\User\source\repos\nour123-pro\CWAVE\CodeWave.Domain\Entities\Project.cs(12,23): warning CS8618: Non-nullable property 'Title' must contain a non-null value when exiting constructor. Consider adding the 'required' modifier or declaring the property as nullable. [C:\Users\User\source\repos\nour123-pro\CWAVE\CodeWave.Domain\CodeWave.Domain.csproj]
C:\Users\User\source\repos\nour123-pro\CWAVE\CodeWave.Domain\Entities\Project.cs(13,23): warning CS8618: Non-nullable property 'Description' must contain a non-null value when exiting constructor. Consider adding the 'required' modifier or declaring the property as nullable. [C:\Users\User\source\repos\nour123-pro\CWAVE\CodeWave.Domain\CodeWave.Domain.csproj]
C:\Users\User\source\repos\nour123-pro\CWAVE\CodeWave.Domain\Entities\Project.cs(15,23): warning CS8618: Non-nullable property 'Result' must contain a non-null value when exiting constructor. Consider adding the 'required' modifier or declaring the property as nullable. [C:\Users\User\source\repos\nour123-pro\CWAVE\CodeWave.Domain\CodeWave.Domain.csproj]
C:\Users\User\source\repos\nour123-pro\CWAVE\CodeWave.Domain\Entities\Project.cs(17,32): warning CS8618: Non-nullable property 'User' must contain a non-null value when exiting constructor. Consider adding the 'required' modifier or declaring the property as nullable. [C:\Users\User\source\repos\nour123-pro\CWAVE\CodeWave.Domain\CodeWave.Domain.csproj]
C:\Users\User\source\repos\nour123-pro\CWAVE\CodeWave.Domain\Entities\LessonCompletion.cs(18,32): warning CS8618: Non-nullable property 'User' must contain a non-null value when exiting constructor. Consider adding the 'required' modifier or declaring the property as nullable. [C:\Users\User\source\repos\nour123-pro\CWAVE\CodeWave.Domain\CodeWave.Domain.csproj]
C:\Users\User\source\repos\nour123-pro\CWAVE\CodeWave.Domain\Entities\LessonCompletion.cs(19,23): warning CS8618: Non-nullable property 'Lesson' must contain a non-null value when exiting constructor. Consider adding the 'required' modifier or declaring the property as nullable. [C:\Users\User\source\repos\nour123-pro\CWAVE\CodeWave.Domain\CodeWave.Domain.csproj]
C:\Users\User\source\repos\nour123-pro\CWAVE\CodeWave.Domain\Entities\JobOffer.cs(11,23): warning CS8618: Non-nullable property 'JobTitle' must contain a non-null value when exiting constructor. Consider adding the 'required' modifier or declaring the property as nullable. [C:\Users\User\source\repos\nour123-pro\CWAVE\CodeWave.Domain\CodeWave.Domain.csproj]
C:\Users\User\source\repos\nour123-pro\CWAVE\CodeWave.Domain\Entities\JobOffer.cs(12,23): warning CS8618: Non-nullable property 'Company' must contain a non-null value when exiting constructor. Consider adding the 'required' modifier or declaring the property as nullable. [C:\Users\User\source\repos\nour123-pro\CWAVE\CodeWave.Domain\CodeWave.Domain.csproj]
C:\Users\User\source\repos\nour123-pro\CWAVE\CodeWave.Domain\Entities\JobOffer.cs(13,23): warning CS8618: Non-nullable property 'Description' must contain a non-null value when exiting constructor. Consider adding the 'required' modifier or declaring the property as nullable. [C:\Users\User\source\repos\nour123-pro\CWAVE\CodeWave.Domain\CodeWave.Domain.csproj]
C:\Users\User\source\repos\nour123-pro\CWAVE\CodeWave.Domain\Entities\JobOffer.cs(14,23): warning CS8618: Non-nullable property 'RequiredSkills' must contain a non-null value when exiting constructor. Consider adding the 'required' modifier or declaring the property as nullable. [C:\Users\User\source\repos\nour123-pro\CWAVE\CodeWave.Domain\CodeWave.Domain.csproj]
C:\Users\User\source\repos\nour123-pro\CWAVE\CodeWave.Domain\Entities\UserQuizAttempt.cs(17,32): warning CS8618: Non-nullable property 'User' must contain a non-null value when exiting constructor. Consider adding the 'required' modifier or declaring the property as nullable. [C:\Users\User\source\repos\nour123-pro\CWAVE\CodeWave.Domain\CodeWave.Domain.csproj]
C:\Users\User\source\repos\nour123-pro\CWAVE\CodeWave.Domain\Entities\UserQuizAttempt.cs(18,21): warning CS8618: Non-nullable property 'Quiz' must contain a non-null value when exiting constructor. Consider adding the 'required' modifier or declaring the property as nullable. [C:\Users\User\source\repos\nour123-pro\CWAVE\CodeWave.Domain\CodeWave.Domain.csproj]
C:\Users\User\source\repos\nour123-pro\CWAVE\CodeWave.Domain\Entities\UserAnswer.cs(26,30): warning CS8618: Non-nullable property 'UserAssessment' must contain a non-null value when exiting constructor. Consider adding the 'required' modifier or declaring the property as nullable. [C:\Users\User\source\repos\nour123-pro\CWAVE\CodeWave.Domain\CodeWave.Domain.csproj]
C:\Users\User\source\repos\nour123-pro\CWAVE\CodeWave.Domain\Entities\UserAnswer.cs(27,25): warning CS8618: Non-nullable property 'Question' must contain a non-null value when exiting constructor. Consider adding the 'required' modifier or declaring the property as nullable. [C:\Users\User\source\repos\nour123-pro\CWAVE\CodeWave.Domain\CodeWave.Domain.csproj]
C:\Users\User\source\repos\nour123-pro\CWAVE\CodeWave.Domain\Entities\UserAnswer.cs(28,29): warning CS8618: Non-nullable property 'AnswerOption' must contain a non-null value when exiting constructor. Consider adding the 'required' modifier or declaring the property as nullable. [C:\Users\User\source\repos\nour123-pro\CWAVE\CodeWave.Domain\CodeWave.Domain.csproj]
C:\Users\User\source\repos\nour123-pro\CWAVE\CodeWave.Domain\Entities\UserCourse.cs(17,32): warning CS8618: Non-nullable property 'User' must contain a non-null value when exiting constructor. Consider adding the 'required' modifier or declaring the property as nullable. [C:\Users\User\source\repos\nour123-pro\CWAVE\CodeWave.Domain\CodeWave.Domain.csproj]
C:\Users\User\source\repos\nour123-pro\CWAVE\CodeWave.Domain\Entities\UserCourse.cs(18,23): warning CS8618: Non-nullable property 'Course' must contain a non-null value when exiting constructor. Consider adding the 'required' modifier or declaring the property as nullable. [C:\Users\User\source\repos\nour123-pro\CWAVE\CodeWave.Domain\CodeWave.Domain.csproj]
C:\Users\User\source\repos\nour123-pro\CWAVE\CodeWave.Domain\Entities\QuizQuestion.cs(10,23): warning CS8618: Non-nullable property 'Text' must contain a non-null value when exiting constructor. Consider adding the 'required' modifier or declaring the property as nullable. [C:\Users\User\source\repos\nour123-pro\CWAVE\CodeWave.Domain\CodeWave.Domain.csproj]
C:\Users\User\source\repos\nour123-pro\CWAVE\CodeWave.Domain\Entities\QuizQuestion.cs(11,23): warning CS8618: Non-nullable property 'Difficulty' must contain a non-null value when exiting constructor. Consider adding the 'required' modifier or declaring the property as nullable. [C:\Users\User\source\repos\nour123-pro\CWAVE\CodeWave.Domain\CodeWave.Domain.csproj]
C:\Users\User\source\repos\nour123-pro\CWAVE\CodeWave.Domain\Entities\QuizQuestion.cs(14,21): warning CS8618: Non-nullable property 'Quiz' must contain a non-null value when exiting constructor. Consider adding the 'required' modifier or declaring the property as nullable. [C:\Users\User\source\repos\nour123-pro\CWAVE\CodeWave.Domain\CodeWave.Domain.csproj]
C:\Users\User\source\repos\nour123-pro\CWAVE\CodeWave.Domain\Entities\UserQuizAnswer.cs(13,32): warning CS8618: Non-nullable property 'UserQuizAttempt' must contain a non-null value when exiting constructor. Consider adding the 'required' modifier or declaring the property as nullable. [C:\Users\User\source\repos\nour123-pro\CWAVE\CodeWave.Domain\CodeWave.Domain.csproj]
C:\Users\User\source\repos\nour123-pro\CWAVE\CodeWave.Domain\Entities\UserQuizAnswer.cs(14,29): warning CS8618: Non-nullable property 'QuizQuestion' must contain a non-null value when exiting constructor. Consider adding the 'required' modifier or declaring the property as nullable. [C:\Users\User\source\repos\nour123-pro\CWAVE\CodeWave.Domain\CodeWave.Domain.csproj]
C:\Users\User\source\repos\nour123-pro\CWAVE\CodeWave.Domain\Entities\UserAssesment.cs(12,23): warning CS8618: Non-nullable property 'ResultLevel' must contain a non-null value when exiting constructor. Consider adding the 'required' modifier or declaring the property as nullable. [C:\Users\User\source\repos\nour123-pro\CWAVE\CodeWave.Domain\CodeWave.Domain.csproj]
C:\Users\User\source\repos\nour123-pro\CWAVE\CodeWave.Domain\Entities\UserAssesment.cs(13,23): warning CS8618: Non-nullable property 'AssignedLearningPath' must contain a non-null value when exiting constructor. Consider adding the 'required' modifier or declaring the property as nullable. [C:\Users\User\source\repos\nour123-pro\CWAVE\CodeWave.Domain\CodeWave.Domain.csproj]
C:\Users\User\source\repos\nour123-pro\CWAVE\CodeWave.Domain\Entities\UserAssesment.cs(17,32): warning CS8618: Non-nullable property 'User' must contain a non-null value when exiting constructor. Consider adding the 'required' modifier or declaring the property as nullable. [C:\Users\User\source\repos\nour123-pro\CWAVE\CodeWave.Domain\CodeWave.Domain.csproj]
C:\Users\User\source\repos\nour123-pro\CWAVE\CodeWave.Domain\Entities\UserAssesment.cs(18,27): warning CS8618: Non-nullable property 'Assessment' must contain a non-null value when exiting constructor. Consider adding the 'required' modifier or declaring the property as nullable. [C:\Users\User\source\repos\nour123-pro\CWAVE\CodeWave.Domain\CodeWave.Domain.csproj]
C:\Users\User\source\repos\nour123-pro\CWAVE\CodeWave.Domain\Entities\ApplicationUser.cs(7,23): warning CS8618: Non-nullable property 'FirstName' must contain a non-null value when exiting constructor. Consider adding the 'required' modifier or declaring the property as nullable. [C:\Users\User\source\repos\nour123-pro\CWAVE\CodeWave.Domain\CodeWave.Domain.csproj]
C:\Users\User\source\repos\nour123-pro\CWAVE\CodeWave.Domain\Entities\ApplicationUser.cs(8,23): warning CS8618: Non-nullable property 'LastName' must contain a non-null value when exiting constructor. Consider adding the 'required' modifier or declaring the property as nullable. [C:\Users\User\source\repos\nour123-pro\CWAVE\CodeWave.Domain\CodeWave.Domain.csproj]
C:\Users\User\source\repos\nour123-pro\CWAVE\CodeWave.Domain\Entities\ApplicationUser.cs(9,23): warning CS8618: Non-nullable property 'Description' must contain a non-null value when exiting constructor. Consider adding the 'required' modifier or declaring the property as nullable. [C:\Users\User\source\repos\nour123-pro\CWAVE\CodeWave.Domain\CodeWave.Domain.csproj]
C:\Users\User\source\repos\nour123-pro\CWAVE\CodeWave.Domain\Entities\ApplicationUser.cs(11,23): warning CS8618: Non-nullable property 'Level' must contain a non-null value when exiting constructor. Consider adding the 'required' modifier or declaring the property as nullable. [C:\Users\User\source\repos\nour123-pro\CWAVE\CodeWave.Domain\CodeWave.Domain.csproj]
C:\Users\User\source\repos\nour123-pro\CWAVE\CodeWave.Domain\Entities\ApplicationUser.cs(12,23): warning CS8618: Non-nullable property 'LearningPath' must contain a non-null value when exiting constructor. Consider adding the 'required' modifier or declaring the property as nullable. [C:\Users\User\source\repos\nour123-pro\CWAVE\CodeWave.Domain\CodeWave.Domain.csproj]
C:\Users\User\source\repos\nour123-pro\CWAVE\CodeWave.Domain\Entities\QuizAnswerOption.cs(9,23): warning CS8618: Non-nullable property 'Text' must contain a non-null value when exiting constructor. Consider adding the 'required' modifier or declaring the property as nullable. [C:\Users\User\source\repos\nour123-pro\CWAVE\CodeWave.Domain\CodeWave.Domain.csproj]
C:\Users\User\source\repos\nour123-pro\CWAVE\CodeWave.Domain\Entities\QuizAnswerOption.cs(12,29): warning CS8618: Non-nullable property 'QuizQuestion' must contain a non-null value when exiting constructor. Consider adding the 'required' modifier or declaring the property as nullable. [C:\Users\User\source\repos\nour123-pro\CWAVE\CodeWave.Domain\CodeWave.Domain.csproj]
C:\Users\User\source\repos\nour123-pro\CWAVE\CodeWave.Domain\Entities\Quiz.cs(10,23): warning CS8618: Non-nullable property 'Title' must contain a non-null value when exiting constructor. Consider adding the 'required' modifier or declaring the property as nullable. [C:\Users\User\source\repos\nour123-pro\CWAVE\CodeWave.Domain\CodeWave.Domain.csproj]
C:\Users\User\source\repos\nour123-pro\CWAVE\CodeWave.Domain\Entities\Quiz.cs(11,23): warning CS8618: Non-nullable property 'Description' must contain a non-null value when exiting constructor. Consider adding the 'required' modifier or declaring the property as nullable. [C:\Users\User\source\repos\nour123-pro\CWAVE\CodeWave.Domain\CodeWave.Domain.csproj]
C:\Users\User\source\repos\nour123-pro\CWAVE\CodeWave.Domain\Entities\Quiz.cs(15,23): warning CS8618: Non-nullable property 'Course' must contain a non-null value when exiting constructor. Consider adding the 'required' modifier or declaring the property as nullable. [C:\Users\User\source\repos\nour123-pro\CWAVE\CodeWave.Domain\CodeWave.Domain.csproj]
C:\Users\User\source\repos\nour123-pro\CWAVE\CodeWave.Domain\Entities\Question.cs(12,23): warning CS8618: Non-nullable property 'Text' must contain a non-null value when exiting constructor. Consider adding the 'required' modifier or declaring the property as nullable. [C:\Users\User\source\repos\nour123-pro\CWAVE\CodeWave.Domain\CodeWave.Domain.csproj]
C:\Users\User\source\repos\nour123-pro\CWAVE\CodeWave.Domain\Entities\Question.cs(13,23): warning CS8618: Non-nullable property 'Difficulty' must contain a non-null value when exiting constructor. Consider adding the 'required' modifier or declaring the property as nullable. [C:\Users\User\source\repos\nour123-pro\CWAVE\CodeWave.Domain\CodeWave.Domain.csproj]
C:\Users\User\source\repos\nour123-pro\CWAVE\CodeWave.Domain\Entities\Question.cs(18,27): warning CS8618: Non-nullable property 'Assessment' must contain a non-null value when exiting constructor. Consider adding the 'required' modifier or declaring the property as nullable. [C:\Users\User\source\repos\nour123-pro\CWAVE\CodeWave.Domain\CodeWave.Domain.csproj]
  CodeWave.Domain -> C:\Users\User\source\repos\nour123-pro\CWAVE\CodeWave.Domain\bin\Debug\net10.0\CodeWave.Domain.dll
C:\Users\User\source\repos\nour123-pro\CWAVE\CodeWave.Application\DTOs\TakeAssessmentDto.cs(25,23): warning CS8618: Non-nullable property 'Text' must contain a non-null value when exiting constructor. Consider adding the 'required' modifier or declaring the property as nullable. [C:\Users\User\source\repos\nour123-pro\CWAVE\CodeWave.Application\CodeWave.Application.csproj]
C:\Users\User\source\repos\nour123-pro\CWAVE\CodeWave.Application\DTOs\QuizDtos.cs(66,23): warning CS8618: Non-nullable property 'QuestionText' must contain a non-null value when exiting constructor. Consider adding the 'required' modifier or declaring the property as nullable. [C:\Users\User\source\repos\nour123-pro\CWAVE\CodeWave.Application\CodeWave.Application.csproj]
C:\Users\User\source\repos\nour123-pro\CWAVE\CodeWave.Application\DTOs\TakeAssessmentDto.cs(17,23): warning CS8618: Non-nullable property 'Text' must contain a non-null value when exiting constructor. Consider adding the 'required' modifier or declaring the property as nullable. [C:\Users\User\source\repos\nour123-pro\CWAVE\CodeWave.Application\CodeWave.Application.csproj]
C:\Users\User\source\repos\nour123-pro\CWAVE\CodeWave.Application\DTOs\TakeAssessmentDto.cs(19,38): warning CS8618: Non-nullable property 'Options' must contain a non-null value when exiting constructor. Consider adding the 'required' modifier or declaring the property as nullable. [C:\Users\User\source\repos\nour123-pro\CWAVE\CodeWave.Application\CodeWave.Application.csproj]
C:\Users\User\source\repos\nour123-pro\CWAVE\CodeWave.Application\ViewModels\LearningPathViewModel.cs(9,23): warning CS8618: Non-nullable property 'Course' must contain a non-null value when exiting constructor. Consider adding the 'required' modifier or declaring the property as nullable. [C:\Users\User\source\repos\nour123-pro\CWAVE\CodeWave.Application\CodeWave.Application.csproj]
C:\Users\User\source\repos\nour123-pro\CWAVE\CodeWave.Application\DTOs\TakeAssessmentDto.cs(9,23): warning CS8618: Non-nullable property 'Title' must contain a non-null value when exiting constructor. Consider adding the 'required' modifier or declaring the property as nullable. [C:\Users\User\source\repos\nour123-pro\CWAVE\CodeWave.Application\CodeWave.Application.csproj]
C:\Users\User\source\repos\nour123-pro\CWAVE\CodeWave.Application\DTOs\TakeAssessmentDto.cs(11,34): warning CS8618: Non-nullable property 'Questions' must contain a non-null value when exiting constructor. Consider adding the 'required' modifier or declaring the property as nullable. [C:\Users\User\source\repos\nour123-pro\CWAVE\CodeWave.Application\CodeWave.Application.csproj]
C:\Users\User\source\repos\nour123-pro\CWAVE\CodeWave.Application\ViewModels\FocusModeViewModel.cs(12,27): warning CS8618: Non-nullable property 'Lesson' must contain a non-null value when exiting constructor. Consider adding the 'required' modifier or declaring the property as nullable. [C:\Users\User\source\repos\nour123-pro\CWAVE\CodeWave.Application\CodeWave.Application.csproj]
C:\Users\User\source\repos\nour123-pro\CWAVE\CodeWave.Application\ViewModels\FocusModeViewModel.cs(13,27): warning CS8618: Non-nullable property 'Course' must contain a non-null value when exiting constructor. Consider adding the 'required' modifier or declaring the property as nullable. [C:\Users\User\source\repos\nour123-pro\CWAVE\CodeWave.Application\CodeWave.Application.csproj]
C:\Users\User\source\repos\nour123-pro\CWAVE\CodeWave.Application\ViewModels\FocusModeViewModel.cs(14,41): warning CS8618: Non-nullable property 'Exercises' must contain a non-null value when exiting constructor. Consider adding the 'required' modifier or declaring the property as nullable. [C:\Users\User\source\repos\nour123-pro\CWAVE\CodeWave.Application\CodeWave.Application.csproj]
C:\Users\User\source\repos\nour123-pro\CWAVE\CodeWave.Application\ViewModels\FocusModeViewModel.cs(15,43): warning CS8618: Non-nullable property 'SolvedLookup' must contain a non-null value when exiting constructor. Consider adding the 'required' modifier or declaring the property as nullable. [C:\Users\User\source\repos\nour123-pro\CWAVE\CodeWave.Application\CodeWave.Application.csproj]
C:\Users\User\source\repos\nour123-pro\CWAVE\CodeWave.Application\DTOs\SubmitAssessmentDto.cs(25,23): warning CS8618: Non-nullable property 'SubmittedCode' must contain a non-null value when exiting constructor. Consider adding the 'required' modifier or declaring the property as nullable. [C:\Users\User\source\repos\nour123-pro\CWAVE\CodeWave.Application\CodeWave.Application.csproj]
C:\Users\User\source\repos\nour123-pro\CWAVE\CodeWave.Application\DTOs\SubmitAssessmentDto.cs(26,23): warning CS8618: Non-nullable property 'Output' must contain a non-null value when exiting constructor. Consider adding the 'required' modifier or declaring the property as nullable. [C:\Users\User\source\repos\nour123-pro\CWAVE\CodeWave.Application\CodeWave.Application.csproj]
C:\Users\User\source\repos\nour123-pro\CWAVE\CodeWave.Application\DTOs\SubmitAssessmentDto.cs(12,39): warning CS8618: Non-nullable property 'Answers' must contain a non-null value when exiting constructor. Consider adding the 'required' modifier or declaring the property as nullable. [C:\Users\User\source\repos\nour123-pro\CWAVE\CodeWave.Application\CodeWave.Application.csproj]
C:\Users\User\source\repos\nour123-pro\CWAVE\CodeWave.Application\DTOs\SubmitAssessmentDto.cs(18,23): warning CS8618: Non-nullable property 'Level' must contain a non-null value when exiting constructor. Consider adding the 'required' modifier or declaring the property as nullable. [C:\Users\User\source\repos\nour123-pro\CWAVE\CodeWave.Application\CodeWave.Application.csproj]
C:\Users\User\source\repos\nour123-pro\CWAVE\CodeWave.Application\DTOs\SubmitAssessmentDto.cs(19,23): warning CS8618: Non-nullable property 'LearningPath' must contain a non-null value when exiting constructor. Consider adding the 'required' modifier or declaring the property as nullable. [C:\Users\User\source\repos\nour123-pro\CWAVE\CodeWave.Application\CodeWave.Application.csproj]
C:\Users\User\source\repos\nour123-pro\CWAVE\CodeWave.Application\DTOs\ProgressDtos.cs(21,23): warning CS8618: Non-nullable property 'SkillName' must contain a non-null value when exiting constructor. Consider adding the 'required' modifier or declaring the property as nullable. [C:\Users\User\source\repos\nour123-pro\CWAVE\CodeWave.Application\CodeWave.Application.csproj]
C:\Users\User\source\repos\nour123-pro\CWAVE\CodeWave.Application\DTOs\ProgressDtos.cs(16,23): warning CS8618: Non-nullable property 'LearningPath' must contain a non-null value when exiting constructor. Consider adding the 'required' modifier or declaring the property as nullable. [C:\Users\User\source\repos\nour123-pro\CWAVE\CodeWave.Application\CodeWave.Application.csproj]
C:\Users\User\source\repos\nour123-pro\CWAVE\CodeWave.Application\DTOs\QuizDtos.cs(38,23): warning CS8618: Non-nullable property 'QuizTitle' must contain a non-null value when exiting constructor. Consider adding the 'required' modifier or declaring the property as nullable. [C:\Users\User\source\repos\nour123-pro\CWAVE\CodeWave.Application\CodeWave.Application.csproj]
C:\Users\User\source\repos\nour123-pro\CWAVE\CodeWave.Application\ViewModels\JavaLearningPathViewModel.cs(13,23): warning CS8618: Non-nullable property 'Course' must contain a non-null value when exiting constructor. Consider adding the 'required' modifier or declaring the property as nullable. [C:\Users\User\source\repos\nour123-pro\CWAVE\CodeWave.Application\CodeWave.Application.csproj]
C:\Users\User\source\repos\nour123-pro\CWAVE\CodeWave.Application\DTOs\QuizDtos.cs(30,23): warning CS8618: Non-nullable property 'Text' must contain a non-null value when exiting constructor. Consider adding the 'required' modifier or declaring the property as nullable. [C:\Users\User\source\repos\nour123-pro\CWAVE\CodeWave.Application\CodeWave.Application.csproj]
C:\Users\User\source\repos\nour123-pro\CWAVE\CodeWave.Application\DTOs\QuizDtos.cs(21,23): warning CS8618: Non-nullable property 'Text' must contain a non-null value when exiting constructor. Consider adding the 'required' modifier or declaring the property as nullable. [C:\Users\User\source\repos\nour123-pro\CWAVE\CodeWave.Application\CodeWave.Application.csproj]
C:\Users\User\source\repos\nour123-pro\CWAVE\CodeWave.Application\DTOs\QuizDtos.cs(22,23): warning CS8618: Non-nullable property 'Difficulty' must contain a non-null value when exiting constructor. Consider adding the 'required' modifier or declaring the property as nullable. [C:\Users\User\source\repos\nour123-pro\CWAVE\CodeWave.Application\CodeWave.Application.csproj]
C:\Users\User\source\repos\nour123-pro\CWAVE\CodeWave.Application\DTOs\ProgressDtos.cs(30,23): warning CS8618: Non-nullable property 'Topic' must contain a non-null value when exiting constructor. Consider adding the 'required' modifier or declaring the property as nullable. [C:\Users\User\source\repos\nour123-pro\CWAVE\CodeWave.Application\CodeWave.Application.csproj]
C:\Users\User\source\repos\nour123-pro\CWAVE\CodeWave.Application\DTOs\ProgressDtos.cs(31,23): warning CS8618: Non-nullable property 'Description' must contain a non-null value when exiting constructor. Consider adding the 'required' modifier or declaring the property as nullable. [C:\Users\User\source\repos\nour123-pro\CWAVE\CodeWave.Application\CodeWave.Application.csproj]
C:\Users\User\source\repos\nour123-pro\CWAVE\CodeWave.Application\DTOs\QuizDtos.cs(10,23): warning CS8618: Non-nullable property 'Title' must contain a non-null value when exiting constructor. Consider adding the 'required' modifier or declaring the property as nullable. [C:\Users\User\source\repos\nour123-pro\CWAVE\CodeWave.Application\CodeWave.Application.csproj]
C:\Users\User\source\repos\nour123-pro\CWAVE\CodeWave.Application\DTOs\QuizDtos.cs(11,23): warning CS8618: Non-nullable property 'Description' must contain a non-null value when exiting constructor. Consider adding the 'required' modifier or declaring the property as nullable. [C:\Users\User\source\repos\nour123-pro\CWAVE\CodeWave.Application\CodeWave.Application.csproj]
  CodeWave.Application -> C:\Users\User\source\repos\nour123-pro\CWAVE\CodeWave.Application\bin\Debug\net10.0\CodeWave.Application.dll
C:\Users\User\source\repos\nour123-pro\CWAVE\CodeWave.Infrastructure\Data\Seed\JavaSeed.cs(11,7): warning CS0105: The using directive for 'CodeWave.Domain.Entities' appeared previously in this namespace [C:\Users\User\source\repos\nour123-pro\CWAVE\CodeWave.Infrastructure\CodeWave.Infrastructure.csproj]
C:\Users\User\source\repos\nour123-pro\CWAVE\CodeWave.Infrastructure\Data\Seed\JavaSeed.cs(12,7): warning CS0105: The using directive for 'Microsoft.EntityFrameworkCore' appeared previously in this namespace [C:\Users\User\source\repos\nour123-pro\CWAVE\CodeWave.Infrastructure\CodeWave.Infrastructure.csproj]
C:\Users\User\source\repos\nour123-pro\CWAVE\CodeWave.Infrastructure\Data\Seed\JavaSeed.cs(17,7): warning CS0105: The using directive for 'CodeWave.Domain.Entities' appeared previously in this namespace [C:\Users\User\source\repos\nour123-pro\CWAVE\CodeWave.Infrastructure\CodeWave.Infrastructure.csproj]
C:\Users\User\source\repos\nour123-pro\CWAVE\CodeWave.Infrastructure\Data\Seed\JavaSeed.cs(19,7): warning CS0105: The using directive for 'Microsoft.EntityFrameworkCore' appeared previously in this namespace [C:\Users\User\source\repos\nour123-pro\CWAVE\CodeWave.Infrastructure\CodeWave.Infrastructure.csproj]
C:\Users\User\source\repos\nour123-pro\CWAVE\CodeWave.Infrastructure\Services\CodeRunnerService.cs(6,7): warning CS0105: The using directive for 'System.Diagnostics' appeared previously in this namespace [C:\Users\User\source\repos\nour123-pro\CWAVE\CodeWave.Infrastructure\CodeWave.Infrastructure.csproj]
C:\Users\User\source\repos\nour123-pro\CWAVE\CodeWave.Infrastructure\Services\CodeExecutionService.cs(67,23): warning CS8618: Non-nullable property 'Output' must contain a non-null value when exiting constructor. Consider adding the 'required' modifier or declaring the property as nullable. [C:\Users\User\source\repos\nour123-pro\CWAVE\CodeWave.Infrastructure\CodeWave.Infrastructure.csproj]
C:\Users\User\source\repos\nour123-pro\CWAVE\CodeWave.Infrastructure\Services\CodeExecutionService.cs(68,23): warning CS8618: Non-nullable property 'Error' must contain a non-null value when exiting constructor. Consider adding the 'required' modifier or declaring the property as nullable. [C:\Users\User\source\repos\nour123-pro\CWAVE\CodeWave.Infrastructure\CodeWave.Infrastructure.csproj]
C:\Users\User\source\repos\nour123-pro\CWAVE\CodeWave.Infrastructure\Services\CodeService.cs(80,26): warning CS8601: Possible null reference assignment. [C:\Users\User\source\repos\nour123-pro\CWAVE\CodeWave.Infrastructure\CodeWave.Infrastructure.csproj]
C:\Users\User\source\repos\nour123-pro\CWAVE\CodeWave.Infrastructure\Services\CodeService.cs(90,33): warning CS8601: Possible null reference assignment. [C:\Users\User\source\repos\nour123-pro\CWAVE\CodeWave.Infrastructure\CodeWave.Infrastructure.csproj]
C:\Users\User\source\repos\nour123-pro\CWAVE\CodeWave.Infrastructure\Services\CodeRunnerService.cs(65,35): warning CS8602: Dereference of a possibly null reference. [C:\Users\User\source\repos\nour123-pro\CWAVE\CodeWave.Infrastructure\CodeWave.Infrastructure.csproj]
C:\Users\User\source\repos\nour123-pro\CWAVE\CodeWave.Infrastructure\Services\AssessmentService.cs(28,32): warning CS8602: Dereference of a possibly null reference. [C:\Users\User\source\repos\nour123-pro\CWAVE\CodeWave.Infrastructure\CodeWave.Infrastructure.csproj]
C:\Users\User\source\repos\nour123-pro\CWAVE\CodeWave.Infrastructure\Services\AssessmentService.cs(105,13): warning CS8602: Dereference of a possibly null reference. [C:\Users\User\source\repos\nour123-pro\CWAVE\CodeWave.Infrastructure\CodeWave.Infrastructure.csproj]
C:\Users\User\source\repos\nour123-pro\CWAVE\CodeWave.Infrastructure\Services\QuizService.cs(70,24): warning CS8603: Possible null reference return. [C:\Users\User\source\repos\nour123-pro\CWAVE\CodeWave.Infrastructure\CodeWave.Infrastructure.csproj]
  CodeWave.Infrastructure -> C:\Users\User\source\repos\nour123-pro\CWAVE\CodeWave.Infrastructure\bin\Debug\net10.0\CodeWave.Infrastructure.dll
C:\Users\User\source\repos\nour123-pro\CWAVE\CodeWave.Web\Controllers\JavaRunner.cs(5,7): warning CS0105: The using directive for 'System.Diagnostics' appeared previously in this namespace [C:\Users\User\source\repos\nour123-pro\CWAVE\CodeWave.Web\CodeWave.Web.csproj]
C:\Users\User\source\repos\nour123-pro\CWAVE\CodeWave.Web\Models\AuthViewModels.cs(75,23): warning CS8618: Non-nullable property 'Email' must contain a non-null value when exiting constructor. Consider adding the 'required' modifier or declaring the property as nullable. [C:\Users\User\source\repos\nour123-pro\CWAVE\CodeWave.Web\CodeWave.Web.csproj]
C:\Users\User\source\repos\nour123-pro\CWAVE\CodeWave.Web\Models\AuthViewModels.cs(81,23): warning CS8618: Non-nullable property 'NewPassword' must contain a non-null value when exiting constructor. Consider adding the 'required' modifier or declaring the property as nullable. [C:\Users\User\source\repos\nour123-pro\CWAVE\CodeWave.Web\CodeWave.Web.csproj]
C:\Users\User\source\repos\nour123-pro\CWAVE\CodeWave.Web\Models\AuthViewModels.cs(87,23): warning CS8618: Non-nullable property 'ConfirmNewPassword' must contain a non-null value when exiting constructor. Consider adding the 'required' modifier or declaring the property as nullable. [C:\Users\User\source\repos\nour123-pro\CWAVE\CodeWave.Web\CodeWave.Web.csproj]
C:\Users\User\source\repos\nour123-pro\CWAVE\CodeWave.Web\Models\AuthViewModels.cs(90,23): warning CS8618: Non-nullable property 'Token' must contain a non-null value when exiting constructor. Consider adding the 'required' modifier or declaring the property as nullable. [C:\Users\User\source\repos\nour123-pro\CWAVE\CodeWave.Web\CodeWave.Web.csproj]
C:\Users\User\source\repos\nour123-pro\CWAVE\CodeWave.Web\Models\AuthViewModels.cs(68,23): warning CS8618: Non-nullable property 'Email' must contain a non-null value when exiting constructor. Consider adding the 'required' modifier or declaring the property as nullable. [C:\Users\User\source\repos\nour123-pro\CWAVE\CodeWave.Web\CodeWave.Web.csproj]
C:\Users\User\source\repos\nour123-pro\CWAVE\CodeWave.Web\Models\AuthViewModels.cs(48,23): warning CS8618: Non-nullable property 'CurrentPassword' must contain a non-null value when exiting constructor. Consider adding the 'required' modifier or declaring the property as nullable. [C:\Users\User\source\repos\nour123-pro\CWAVE\CodeWave.Web\CodeWave.Web.csproj]
C:\Users\User\source\repos\nour123-pro\CWAVE\CodeWave.Web\Models\AuthViewModels.cs(54,23): warning CS8618: Non-nullable property 'NewPassword' must contain a non-null value when exiting constructor. Consider adding the 'required' modifier or declaring the property as nullable. [C:\Users\User\source\repos\nour123-pro\CWAVE\CodeWave.Web\CodeWave.Web.csproj]
C:\Users\User\source\repos\nour123-pro\CWAVE\CodeWave.Web\Models\AuthViewModels.cs(60,23): warning CS8618: Non-nullable property 'ConfirmNewPassword' must contain a non-null value when exiting constructor. Consider adding the 'required' modifier or declaring the property as nullable. [C:\Users\User\source\repos\nour123-pro\CWAVE\CodeWave.Web\CodeWave.Web.csproj]
C:\Users\User\source\repos\nour123-pro\CWAVE\CodeWave.Web\Models\AuthViewModels.cs(22,23): warning CS8618: Non-nullable property 'FirstName' must contain a non-null value when exiting constructor. Consider adding the 'required' modifier or declaring the property as nullable. [C:\Users\User\source\repos\nour123-pro\CWAVE\CodeWave.Web\CodeWave.Web.csproj]
C:\Users\User\source\repos\nour123-pro\CWAVE\CodeWave.Web\Models\AuthViewModels.cs(26,23): warning CS8618: Non-nullable property 'LastName' must contain a non-null value when exiting constructor. Consider adding the 'required' modifier or declaring the property as nullable. [C:\Users\User\source\repos\nour123-pro\CWAVE\CodeWave.Web\CodeWave.Web.csproj]
C:\Users\User\source\repos\nour123-pro\CWAVE\CodeWave.Web\Models\AuthViewModels.cs(30,23): warning CS8618: Non-nullable property 'Email' must contain a non-null value when exiting constructor. Consider adding the 'required' modifier or declaring the property as nullable. [C:\Users\User\source\repos\nour123-pro\CWAVE\CodeWave.Web\CodeWave.Web.csproj]
C:\Users\User\source\repos\nour123-pro\CWAVE\CodeWave.Web\Models\AuthViewModels.cs(34,23): warning CS8618: Non-nullable property 'Password' must contain a non-null value when exiting constructor. Consider adding the 'required' modifier or declaring the property as nullable. [C:\Users\User\source\repos\nour123-pro\CWAVE\CodeWave.Web\CodeWave.Web.csproj]
C:\Users\User\source\repos\nour123-pro\CWAVE\CodeWave.Web\Models\AuthViewModels.cs(40,23): warning CS8618: Non-nullable property 'ConfirmPassword' must contain a non-null value when exiting constructor. Consider adding the 'required' modifier or declaring the property as nullable. [C:\Users\User\source\repos\nour123-pro\CWAVE\CodeWave.Web\CodeWave.Web.csproj]
C:\Users\User\source\repos\nour123-pro\CWAVE\CodeWave.Web\Models\AuthViewModels.cs(9,23): warning CS8618: Non-nullable property 'Email' must contain a non-null value when exiting constructor. Consider adding the 'required' modifier or declaring the property as nullable. [C:\Users\User\source\repos\nour123-pro\CWAVE\CodeWave.Web\CodeWave.Web.csproj]
C:\Users\User\source\repos\nour123-pro\CWAVE\CodeWave.Web\Models\AuthViewModels.cs(13,23): warning CS8618: Non-nullable property 'Password' must contain a non-null value when exiting constructor. Consider adding the 'required' modifier or declaring the property as nullable. [C:\Users\User\source\repos\nour123-pro\CWAVE\CodeWave.Web\CodeWave.Web.csproj]
C:\Users\User\source\repos\nour123-pro\CWAVE\CodeWave.Web\Controllers\AssessmentController.cs(43,35): warning CS8604: Possible null reference argument for parameter 's' in 'int int.Parse(string s)'. [C:\Users\User\source\repos\nour123-pro\CWAVE\CodeWave.Web\CodeWave.Web.csproj]
C:\Users\User\source\repos\nour123-pro\CWAVE\CodeWave.Web\Controllers\AssessmentController.cs(45,26): warning CS8602: Dereference of a possibly null reference. [C:\Users\User\source\repos\nour123-pro\CWAVE\CodeWave.Web\CodeWave.Web.csproj]
C:\Users\User\source\repos\nour123-pro\CWAVE\CodeWave.Web\Controllers\AssessmentController.cs(62,95): warning CS8604: Possible null reference argument for parameter 'json' in 'Dictionary<Guid, Guid>? JsonSerializer.Deserialize<Dictionary<Guid, Guid>>(string json, JsonSerializerOptions? options = null)'. [C:\Users\User\source\repos\nour123-pro\CWAVE\CodeWave.Web\CodeWave.Web.csproj]
C:\Users\User\source\repos\nour123-pro\CWAVE\CodeWave.Web\Controllers\AssessmentController.cs(65,17): warning CS8602: Dereference of a possibly null reference. [C:\Users\User\source\repos\nour123-pro\CWAVE\CodeWave.Web\CodeWave.Web.csproj]
C:\Users\User\source\repos\nour123-pro\CWAVE\CodeWave.Web\Controllers\AssessmentController.cs(70,35): warning CS8604: Possible null reference argument for parameter 's' in 'int int.Parse(string s)'. [C:\Users\User\source\repos\nour123-pro\CWAVE\CodeWave.Web\CodeWave.Web.csproj]
C:\Users\User\source\repos\nour123-pro\CWAVE\CodeWave.Web\Controllers\AssessmentController.cs(80,35): warning CS8604: Possible null reference argument for parameter 's' in 'int int.Parse(string s)'. [C:\Users\User\source\repos\nour123-pro\CWAVE\CodeWave.Web\CodeWave.Web.csproj]
C:\Users\User\source\repos\nour123-pro\CWAVE\CodeWave.Web\Views\LearningPath\FocusModeLesson.cshtml(552,76): warning CS8602: Dereference of a possibly null reference. [C:\Users\User\source\repos\nour123-pro\CWAVE\CodeWave.Web\CodeWave.Web.csproj]
C:\Users\User\source\repos\nour123-pro\CWAVE\CodeWave.Web\Controllers\AssessmentController.cs(92,93): warning CS8604: Possible null reference argument for parameter 'json' in 'TakeAssessmentDto? JsonSerializer.Deserialize<TakeAssessmentDto>(string json, JsonSerializerOptions? options = null)'. [C:\Users\User\source\repos\nour123-pro\CWAVE\CodeWave.Web\CodeWave.Web.csproj]
C:\Users\User\source\repos\nour123-pro\CWAVE\CodeWave.Web\Controllers\AssessmentController.cs(95,95): warning CS8604: Possible null reference argument for parameter 'json' in 'Dictionary<Guid, Guid>? JsonSerializer.Deserialize<Dictionary<Guid, Guid>>(string json, JsonSerializerOptions? options = null)'. [C:\Users\User\source\repos\nour123-pro\CWAVE\CodeWave.Web\CodeWave.Web.csproj]
C:\Users\User\source\repos\nour123-pro\CWAVE\CodeWave.Web\Controllers\AssessmentController.cs(106,32): warning CS8602: Dereference of a possibly null reference. [C:\Users\User\source\repos\nour123-pro\CWAVE\CodeWave.Web\CodeWave.Web.csproj]
C:\Users\User\source\repos\nour123-pro\CWAVE\CodeWave.Web\Controllers\AssessmentController.cs(108,27): warning CS8601: Possible null reference assignment. [C:\Users\User\source\repos\nour123-pro\CWAVE\CodeWave.Web\CodeWave.Web.csproj]
C:\Users\User\source\repos\nour123-pro\CWAVE\CodeWave.Web\Controllers\UserController.cs(98,31): warning CS8625: Cannot convert null literal to non-nullable reference type. [C:\Users\User\source\repos\nour123-pro\CWAVE\CodeWave.Web\CodeWave.Web.csproj]
C:\Users\User\source\repos\nour123-pro\CWAVE\CodeWave.Web\Controllers\UserController.cs(99,25): warning CS8625: Cannot convert null literal to non-nullable reference type. [C:\Users\User\source\repos\nour123-pro\CWAVE\CodeWave.Web\CodeWave.Web.csproj]
C:\Users\User\source\repos\nour123-pro\CWAVE\CodeWave.Web\Controllers\UserController.cs(100,32): warning CS8625: Cannot convert null literal to non-nullable reference type. [C:\Users\User\source\repos\nour123-pro\CWAVE\CodeWave.Web\CodeWave.Web.csproj]
C:\Users\User\source\repos\nour123-pro\CWAVE\CodeWave.Web\Controllers\CodeController.cs(49,23): warning CS8618: Non-nullable property 'Language' must contain a non-null value when exiting constructor. Consider adding the 'required' modifier or declaring the property as nullable. [C:\Users\User\source\repos\nour123-pro\CWAVE\CodeWave.Web\CodeWave.Web.csproj]
C:\Users\User\source\repos\nour123-pro\CWAVE\CodeWave.Web\Controllers\CodeController.cs(50,23): warning CS8618: Non-nullable property 'Code' must contain a non-null value when exiting constructor. Consider adding the 'required' modifier or declaring the property as nullable. [C:\Users\User\source\repos\nour123-pro\CWAVE\CodeWave.Web\CodeWave.Web.csproj]
C:\Users\User\source\repos\nour123-pro\CWAVE\CodeWave.Web\Views\Quiz\Index.cshtml(79,74): warning CS8629: Nullable value type may be null. [C:\Users\User\source\repos\nour123-pro\CWAVE\CodeWave.Web\CodeWave.Web.csproj]
C:\Users\User\source\repos\nour123-pro\CWAVE\CodeWave.Web\Views\Quiz\Index.cshtml(82,70): warning CS8629: Nullable value type may be null. [C:\Users\User\source\repos\nour123-pro\CWAVE\CodeWave.Web\CodeWave.Web.csproj]
C:\Users\User\source\repos\nour123-pro\CWAVE\CodeWave.Web\Controllers\UserController.cs(200,31): warning CS8625: Cannot convert null literal to non-nullable reference type. [C:\Users\User\source\repos\nour123-pro\CWAVE\CodeWave.Web\CodeWave.Web.csproj]
C:\Users\User\source\repos\nour123-pro\CWAVE\CodeWave.Web\Controllers\UserController.cs(201,25): warning CS8625: Cannot convert null literal to non-nullable reference type. [C:\Users\User\source\repos\nour123-pro\CWAVE\CodeWave.Web\CodeWave.Web.csproj]
C:\Users\User\source\repos\nour123-pro\CWAVE\CodeWave.Web\Controllers\UserController.cs(202,32): warning CS8625: Cannot convert null literal to non-nullable reference type. [C:\Users\User\source\repos\nour123-pro\CWAVE\CodeWave.Web\CodeWave.Web.csproj]
C:\Users\User\source\repos\nour123-pro\CWAVE\CodeWave.Web\Views\Home\Index.cshtml(129,52): warning CS8600: Converting null literal or possible null value to non-nullable type. [C:\Users\User\source\repos\nour123-pro\CWAVE\CodeWave.Web\CodeWave.Web.csproj]
C:\Users\User\source\repos\nour123-pro\CWAVE\CodeWave.Web\Views\Home\Index.cshtml(139,52): warning CS8600: Converting null literal or possible null value to non-nullable type. [C:\Users\User\source\repos\nour123-pro\CWAVE\CodeWave.Web\CodeWave.Web.csproj]
C:\Users\User\source\repos\nour123-pro\CWAVE\CodeWave.Web\Views\Home\Index.cshtml(154,55): warning CS8600: Converting null literal or possible null value to non-nullable type. [C:\Users\User\source\repos\nour123-pro\CWAVE\CodeWave.Web\CodeWave.Web.csproj]
C:\Users\User\source\repos\nour123-pro\CWAVE\CodeWave.Web\Views\Home\Index.cshtml(159,55): warning CS8600: Converting null literal or possible null value to non-nullable type. [C:\Users\User\source\repos\nour123-pro\CWAVE\CodeWave.Web\CodeWave.Web.csproj]
C:\Users\User\source\repos\nour123-pro\CWAVE\CodeWave.Web\Controllers\UserController.cs(290,31): warning CS8625: Cannot convert null literal to non-nullable reference type. [C:\Users\User\source\repos\nour123-pro\CWAVE\CodeWave.Web\CodeWave.Web.csproj]
C:\Users\User\source\repos\nour123-pro\CWAVE\CodeWave.Web\Controllers\UserController.cs(291,25): warning CS8625: Cannot convert null literal to non-nullable reference type. [C:\Users\User\source\repos\nour123-pro\CWAVE\CodeWave.Web\CodeWave.Web.csproj]
C:\Users\User\source\repos\nour123-pro\CWAVE\CodeWave.Web\Controllers\UserController.cs(292,32): warning CS8625: Cannot convert null literal to non-nullable reference type. [C:\Users\User\source\repos\nour123-pro\CWAVE\CodeWave.Web\CodeWave.Web.csproj]
C:\Users\User\source\repos\nour123-pro\CWAVE\CodeWave.Web\Controllers\HomeController.cs(82,44): warning CS8600: Converting null literal or possible null value to non-nullable type. [C:\Users\User\source\repos\nour123-pro\CWAVE\CodeWave.Web\CodeWave.Web.csproj]
C:\Users\User\source\repos\nour123-pro\CWAVE\CodeWave.Web\Controllers\HomeController.cs(83,37): warning CS8600: Converting null literal or possible null value to non-nullable type. [C:\Users\User\source\repos\nour123-pro\CWAVE\CodeWave.Web\CodeWave.Web.csproj]
C:\Users\User\source\repos\nour123-pro\CWAVE\CodeWave.Web\Controllers\HomeController.cs(89,41): warning CS8600: Converting null literal or possible null value to non-nullable type. [C:\Users\User\source\repos\nour123-pro\CWAVE\CodeWave.Web\CodeWave.Web.csproj]
C:\Users\User\source\repos\nour123-pro\CWAVE\CodeWave.Web\Controllers\HomeController.cs(97,41): warning CS8600: Converting null literal or possible null value to non-nullable type. [C:\Users\User\source\repos\nour123-pro\CWAVE\CodeWave.Web\CodeWave.Web.csproj]
C:\Users\User\source\repos\nour123-pro\CWAVE\CodeWave.Web\Controllers\HomeController.cs(105,41): warning CS8600: Converting null literal or possible null value to non-nullable type. [C:\Users\User\source\repos\nour123-pro\CWAVE\CodeWave.Web\CodeWave.Web.csproj]
C:\Users\User\source\repos\nour123-pro\CWAVE\CodeWave.Web\Controllers\HomeController.cs(117,38): warning CS8600: Converting null literal or possible null value to non-nullable type. [C:\Users\User\source\repos\nour123-pro\CWAVE\CodeWave.Web\CodeWave.Web.csproj]
C:\Users\User\source\repos\nour123-pro\CWAVE\CodeWave.Web\Controllers\HomeController.cs(154,82): warning CS8629: Nullable value type may be null. [C:\Users\User\source\repos\nour123-pro\CWAVE\CodeWave.Web\CodeWave.Web.csproj]
C:\Users\User\source\repos\nour123-pro\CWAVE\CodeWave.Web\Controllers\HomeController.cs(157,78): warning CS8629: Nullable value type may be null. [C:\Users\User\source\repos\nour123-pro\CWAVE\CodeWave.Web\CodeWave.Web.csproj]
C:\Users\User\source\repos\nour123-pro\CWAVE\CodeWave.Web\Controllers\QuizController.cs(223,74): warning CS8629: Nullable value type may be null. [C:\Users\User\source\repos\nour123-pro\CWAVE\CodeWave.Web\CodeWave.Web.csproj]
C:\Users\User\source\repos\nour123-pro\CWAVE\CodeWave.Web\Controllers\QuizController.cs(226,70): warning CS8629: Nullable value type may be null. [C:\Users\User\source\repos\nour123-pro\CWAVE\CodeWave.Web\CodeWave.Web.csproj]
  CodeWave.Web -> C:\Users\User\source\repos\nour123-pro\CWAVE\CodeWave.Web\bin\Debug\net10.0\CodeWave.Web.dll

Build succeeded.

C:\Users\User\source\repos\nour123-pro\CWAVE\CodeWave.Domain\Entities\Assessment.cs(10,23): warning CS8618: Non-nullable property 'Title' must contain a non-null value when exiting constructor. Consider adding the 'required' modifier or declaring the property as nullable. [C:\Users\User\source\repos\nour123-pro\CWAVE\CodeWave.Domain\CodeWave.Domain.csproj]
C:\Users\User\source\repos\nour123-pro\CWAVE\CodeWave.Domain\Entities\Assessment.cs(12,38): warning CS8618: Non-nullable property 'Questions' must contain a non-null value when exiting constructor. Consider adding the 'required' modifier or declaring the property as nullable. [C:\Users\User\source\repos\nour123-pro\CWAVE\CodeWave.Domain\CodeWave.Domain.csproj]
C:\Users\User\source\repos\nour123-pro\CWAVE\CodeWave.Domain\Entities\ExerciseSubmission.cs(14,23): warning CS8618: Non-nullable property 'SubmittedCode' must contain a non-null value when exiting constructor. Consider adding the 'required' modifier or declaring the property as nullable. [C:\Users\User\source\repos\nour123-pro\CWAVE\CodeWave.Domain\CodeWave.Domain.csproj]
C:\Users\User\source\repos\nour123-pro\CWAVE\CodeWave.Domain\Entities\ExerciseSubmission.cs(15,23): warning CS8618: Non-nullable property 'Output' must contain a non-null value when exiting constructor. Consider adding the 'required' modifier or declaring the property as nullable. [C:\Users\User\source\repos\nour123-pro\CWAVE\CodeWave.Domain\CodeWave.Domain.csproj]
C:\Users\User\source\repos\nour123-pro\CWAVE\CodeWave.Domain\Entities\ExerciseSubmission.cs(20,32): warning CS8618: Non-nullable property 'User' must contain a non-null value when exiting constructor. Consider adding the 'required' modifier or declaring the property as nullable. [C:\Users\User\source\repos\nour123-pro\CWAVE\CodeWave.Domain\CodeWave.Domain.csproj]
C:\Users\User\source\repos\nour123-pro\CWAVE\CodeWave.Domain\Entities\ExerciseSubmission.cs(21,31): warning CS8618: Non-nullable property 'Exercise' must contain a non-null value when exiting constructor. Consider adding the 'required' modifier or declaring the property as nullable. [C:\Users\User\source\repos\nour123-pro\CWAVE\CodeWave.Domain\CodeWave.Domain.csproj]
C:\Users\User\source\repos\nour123-pro\CWAVE\CodeWave.Domain\Entities\Course.cs(12,23): warning CS8618: Non-nullable property 'Title' must contain a non-null value when exiting constructor. Consider adding the 'required' modifier or declaring the property as nullable. [C:\Users\User\source\repos\nour123-pro\CWAVE\CodeWave.Domain\CodeWave.Domain.csproj]
C:\Users\User\source\repos\nour123-pro\CWAVE\CodeWave.Domain\Entities\Course.cs(14,23): warning CS8618: Non-nullable property 'Description' must contain a non-null value when exiting constructor. Consider adding the 'required' modifier or declaring the property as nullable. [C:\Users\User\source\repos\nour123-pro\CWAVE\CodeWave.Domain\CodeWave.Domain.csproj]
C:\Users\User\source\repos\nour123-pro\CWAVE\CodeWave.Domain\Entities\CV.cs(13,23): warning CS8618: Non-nullable property 'Summary' must contain a non-null value when exiting constructor. Consider adding the 'required' modifier or declaring the property as nullable. [C:\Users\User\source\repos\nour123-pro\CWAVE\CodeWave.Domain\CodeWave.Domain.csproj]
C:\Users\User\source\repos\nour123-pro\CWAVE\CodeWave.Domain\Entities\CV.cs(14,23): warning CS8618: Non-nullable property 'Skills' must contain a non-null value when exiting constructor. Consider adding the 'required' modifier or declaring the property as nullable. [C:\Users\User\source\repos\nour123-pro\CWAVE\CodeWave.Domain\CodeWave.Domain.csproj]
C:\Users\User\source\repos\nour123-pro\CWAVE\CodeWave.Domain\Entities\CV.cs(15,23): warning CS8618: Non-nullable property 'Education' must contain a non-null value when exiting constructor. Consider adding the 'required' modifier or declaring the property as nullable. [C:\Users\User\source\repos\nour123-pro\CWAVE\CodeWave.Domain\CodeWave.Domain.csproj]
C:\Users\User\source\repos\nour123-pro\CWAVE\CodeWave.Domain\Entities\CV.cs(16,23): warning CS8618: Non-nullable property 'Experience' must contain a non-null value when exiting constructor. Consider adding the 'required' modifier or declaring the property as nullable. [C:\Users\User\source\repos\nour123-pro\CWAVE\CodeWave.Domain\CodeWave.Domain.csproj]
C:\Users\User\source\repos\nour123-pro\CWAVE\CodeWave.Domain\Entities\CV.cs(17,23): warning CS8618: Non-nullable property 'Certifications' must contain a non-null value when exiting constructor. Consider adding the 'required' modifier or declaring the property as nullable. [C:\Users\User\source\repos\nour123-pro\CWAVE\CodeWave.Domain\CodeWave.Domain.csproj]
C:\Users\User\source\repos\nour123-pro\CWAVE\CodeWave.Domain\Entities\CV.cs(21,32): warning CS8618: Non-nullable property 'User' must contain a non-null value when exiting constructor. Consider adding the 'required' modifier or declaring the property as nullable. [C:\Users\User\source\repos\nour123-pro\CWAVE\CodeWave.Domain\CodeWave.Domain.csproj]
C:\Users\User\source\repos\nour123-pro\CWAVE\CodeWave.Domain\Entities\CodingExercise.cs(12,23): warning CS8618: Non-nullable property 'Title' must contain a non-null value when exiting constructor. Consider adding the 'required' modifier or declaring the property as nullable. [C:\Users\User\source\repos\nour123-pro\CWAVE\CodeWave.Domain\CodeWave.Domain.csproj]
C:\Users\User\source\repos\nour123-pro\CWAVE\CodeWave.Domain\Entities\CodingExercise.cs(13,23): warning CS8618: Non-nullable property 'Description' must contain a non-null value when exiting constructor. Consider adding the 'required' modifier or declaring the property as nullable. [C:\Users\User\source\repos\nour123-pro\CWAVE\CodeWave.Domain\CodeWave.Domain.csproj]
C:\Users\User\source\repos\nour123-pro\CWAVE\CodeWave.Domain\Entities\CodingExercise.cs(14,23): warning CS8618: Non-nullable property 'StarterCode' must contain a non-null value when exiting constructor. Consider adding the 'required' modifier or declaring the property as nullable. [C:\Users\User\source\repos\nour123-pro\CWAVE\CodeWave.Domain\CodeWave.Domain.csproj]
C:\Users\User\source\repos\nour123-pro\CWAVE\CodeWave.Domain\Entities\CodingExercise.cs(15,23): warning CS8618: Non-nullable property 'ExpectedOutput' must contain a non-null value when exiting constructor. Consider adding the 'required' modifier or declaring the property as nullable. [C:\Users\User\source\repos\nour123-pro\CWAVE\CodeWave.Domain\CodeWave.Domain.csproj]
C:\Users\User\source\repos\nour123-pro\CWAVE\CodeWave.Domain\Entities\CodingExercise.cs(17,23): warning CS8618: Non-nullable property 'Lesson' must contain a non-null value when exiting constructor. Consider adding the 'required' modifier or declaring the property as nullable. [C:\Users\User\source\repos\nour123-pro\CWAVE\CodeWave.Domain\CodeWave.Domain.csproj]
C:\Users\User\source\repos\nour123-pro\CWAVE\CodeWave.Domain\Entities\CodingExercise.cs(18,48): warning CS8618: Non-nullable property 'ExerciseSubmissions' must contain a non-null value when exiting constructor. Consider adding the 'required' modifier or declaring the property as nullable. [C:\Users\User\source\repos\nour123-pro\CWAVE\CodeWave.Domain\CodeWave.Domain.csproj]
C:\Users\User\source\repos\nour123-pro\CWAVE\CodeWave.Domain\Entities\Project.cs(12,23): warning CS8618: Non-nullable property 'Title' must contain a non-null value when exiting constructor. Consider adding the 'required' modifier or declaring the property as nullable. [C:\Users\User\source\repos\nour123-pro\CWAVE\CodeWave.Domain\CodeWave.Domain.csproj]
C:\Users\User\source\repos\nour123-pro\CWAVE\CodeWave.Domain\Entities\Project.cs(13,23): warning CS8618: Non-nullable property 'Description' must contain a non-null value when exiting constructor. Consider adding the 'required' modifier or declaring the property as nullable. [C:\Users\User\source\repos\nour123-pro\CWAVE\CodeWave.Domain\CodeWave.Domain.csproj]
C:\Users\User\source\repos\nour123-pro\CWAVE\CodeWave.Domain\Entities\Project.cs(15,23): warning CS8618: Non-nullable property 'Result' must contain a non-null value when exiting constructor. Consider adding the 'required' modifier or declaring the property as nullable. [C:\Users\User\source\repos\nour123-pro\CWAVE\CodeWave.Domain\CodeWave.Domain.csproj]
C:\Users\User\source\repos\nour123-pro\CWAVE\CodeWave.Domain\Entities\Project.cs(17,32): warning CS8618: Non-nullable property 'User' must contain a non-null value when exiting constructor. Consider adding the 'required' modifier or declaring the property as nullable. [C:\Users\User\source\repos\nour123-pro\CWAVE\CodeWave.Domain\CodeWave.Domain.csproj]
C:\Users\User\source\repos\nour123-pro\CWAVE\CodeWave.Domain\Entities\LessonCompletion.cs(18,32): warning CS8618: Non-nullable property 'User' must contain a non-null value when exiting constructor. Consider adding the 'required' modifier or declaring the property as nullable. [C:\Users\User\source\repos\nour123-pro\CWAVE\CodeWave.Domain\CodeWave.Domain.csproj]
C:\Users\User\source\repos\nour123-pro\CWAVE\CodeWave.Domain\Entities\LessonCompletion.cs(19,23): warning CS8618: Non-nullable property 'Lesson' must contain a non-null value when exiting constructor. Consider adding the 'required' modifier or declaring the property as nullable. [C:\Users\User\source\repos\nour123-pro\CWAVE\CodeWave.Domain\CodeWave.Domain.csproj]
C:\Users\User\source\repos\nour123-pro\CWAVE\CodeWave.Domain\Entities\JobOffer.cs(11,23): warning CS8618: Non-nullable property 'JobTitle' must contain a non-null value when exiting constructor. Consider adding the 'required' modifier or declaring the property as nullable. [C:\Users\User\source\repos\nour123-pro\CWAVE\CodeWave.Domain\CodeWave.Domain.csproj]
C:\Users\User\source\repos\nour123-pro\CWAVE\CodeWave.Domain\Entities\JobOffer.cs(12,23): warning CS8618: Non-nullable property 'Company' must contain a non-null value when exiting constructor. Consider adding the 'required' modifier or declaring the property as nullable. [C:\Users\User\source\repos\nour123-pro\CWAVE\CodeWave.Domain\CodeWave.Domain.csproj]
C:\Users\User\source\repos\nour123-pro\CWAVE\CodeWave.Domain\Entities\JobOffer.cs(13,23): warning CS8618: Non-nullable property 'Description' must contain a non-null value when exiting constructor. Consider adding the 'required' modifier or declaring the property as nullable. [C:\Users\User\source\repos\nour123-pro\CWAVE\CodeWave.Domain\CodeWave.Domain.csproj]
C:\Users\User\source\repos\nour123-pro\CWAVE\CodeWave.Domain\Entities\JobOffer.cs(14,23): warning CS8618: Non-nullable property 'RequiredSkills' must contain a non-null value when exiting constructor. Consider adding the 'required' modifier or declaring the property as nullable. [C:\Users\User\source\repos\nour123-pro\CWAVE\CodeWave.Domain\CodeWave.Domain.csproj]
C:\Users\User\source\repos\nour123-pro\CWAVE\CodeWave.Domain\Entities\UserQuizAttempt.cs(17,32): warning CS8618: Non-nullable property 'User' must contain a non-null value when exiting constructor. Consider adding the 'required' modifier or declaring the property as nullable. [C:\Users\User\source\repos\nour123-pro\CWAVE\CodeWave.Domain\CodeWave.Domain.csproj]
C:\Users\User\source\repos\nour123-pro\CWAVE\CodeWave.Domain\Entities\UserQuizAttempt.cs(18,21): warning CS8618: Non-nullable property 'Quiz' must contain a non-null value when exiting constructor. Consider adding the 'required' modifier or declaring the property as nullable. [C:\Users\User\source\repos\nour123-pro\CWAVE\CodeWave.Domain\CodeWave.Domain.csproj]
C:\Users\User\source\repos\nour123-pro\CWAVE\CodeWave.Domain\Entities\UserAnswer.cs(26,30): warning CS8618: Non-nullable property 'UserAssessment' must contain a non-null value when exiting constructor. Consider adding the 'required' modifier or declaring the property as nullable. [C:\Users\User\source\repos\nour123-pro\CWAVE\CodeWave.Domain\CodeWave.Domain.csproj]
C:\Users\User\source\repos\nour123-pro\CWAVE\CodeWave.Domain\Entities\UserAnswer.cs(27,25): warning CS8618: Non-nullable property 'Question' must contain a non-null value when exiting constructor. Consider adding the 'required' modifier or declaring the property as nullable. [C:\Users\User\source\repos\nour123-pro\CWAVE\CodeWave.Domain\CodeWave.Domain.csproj]
C:\Users\User\source\repos\nour123-pro\CWAVE\CodeWave.Domain\Entities\UserAnswer.cs(28,29): warning CS8618: Non-nullable property 'AnswerOption' must contain a non-null value when exiting constructor. Consider adding the 'required' modifier or declaring the property as nullable. [C:\Users\User\source\repos\nour123-pro\CWAVE\CodeWave.Domain\CodeWave.Domain.csproj]
C:\Users\User\source\repos\nour123-pro\CWAVE\CodeWave.Domain\Entities\UserCourse.cs(17,32): warning CS8618: Non-nullable property 'User' must contain a non-null value when exiting constructor. Consider adding the 'required' modifier or declaring the property as nullable. [C:\Users\User\source\repos\nour123-pro\CWAVE\CodeWave.Domain\CodeWave.Domain.csproj]
C:\Users\User\source\repos\nour123-pro\CWAVE\CodeWave.Domain\Entities\UserCourse.cs(18,23): warning CS8618: Non-nullable property 'Course' must contain a non-null value when exiting constructor. Consider adding the 'required' modifier or declaring the property as nullable. [C:\Users\User\source\repos\nour123-pro\CWAVE\CodeWave.Domain\CodeWave.Domain.csproj]
C:\Users\User\source\repos\nour123-pro\CWAVE\CodeWave.Domain\Entities\QuizQuestion.cs(10,23): warning CS8618: Non-nullable property 'Text' must contain a non-null value when exiting constructor. Consider adding the 'required' modifier or declaring the property as nullable. [C:\Users\User\source\repos\nour123-pro\CWAVE\CodeWave.Domain\CodeWave.Domain.csproj]
C:\Users\User\source\repos\nour123-pro\CWAVE\CodeWave.Domain\Entities\QuizQuestion.cs(11,23): warning CS8618: Non-nullable property 'Difficulty' must contain a non-null value when exiting constructor. Consider adding the 'required' modifier or declaring the property as nullable. [C:\Users\User\source\repos\nour123-pro\CWAVE\CodeWave.Domain\CodeWave.Domain.csproj]
C:\Users\User\source\repos\nour123-pro\CWAVE\CodeWave.Domain\Entities\QuizQuestion.cs(14,21): warning CS8618: Non-nullable property 'Quiz' must contain a non-null value when exiting constructor. Consider adding the 'required' modifier or declaring the property as nullable. [C:\Users\User\source\repos\nour123-pro\CWAVE\CodeWave.Domain\CodeWave.Domain.csproj]
C:\Users\User\source\repos\nour123-pro\CWAVE\CodeWave.Domain\Entities\UserQuizAnswer.cs(13,32): warning CS8618: Non-nullable property 'UserQuizAttempt' must contain a non-null value when exiting constructor. Consider adding the 'required' modifier or declaring the property as nullable. [C:\Users\User\source\repos\nour123-pro\CWAVE\CodeWave.Domain\CodeWave.Domain.csproj]
C:\Users\User\source\repos\nour123-pro\CWAVE\CodeWave.Domain\Entities\UserQuizAnswer.cs(14,29): warning CS8618: Non-nullable property 'QuizQuestion' must contain a non-null value when exiting constructor. Consider adding the 'required' modifier or declaring the property as nullable. [C:\Users\User\source\repos\nour123-pro\CWAVE\CodeWave.Domain\CodeWave.Domain.csproj]
C:\Users\User\source\repos\nour123-pro\CWAVE\CodeWave.Domain\Entities\UserAssesment.cs(12,23): warning CS8618: Non-nullable property 'ResultLevel' must contain a non-null value when exiting constructor. Consider adding the 'required' modifier or declaring the property as nullable. [C:\Users\User\source\repos\nour123-pro\CWAVE\CodeWave.Domain\CodeWave.Domain.csproj]
C:\Users\User\source\repos\nour123-pro\CWAVE\CodeWave.Domain\Entities\UserAssesment.cs(13,23): warning CS8618: Non-nullable property 'AssignedLearningPath' must contain a non-null value when exiting constructor. Consider adding the 'required' modifier or declaring the property as nullable. [C:\Users\User\source\repos\nour123-pro\CWAVE\CodeWave.Domain\CodeWave.Domain.csproj]
C:\Users\User\source\repos\nour123-pro\CWAVE\CodeWave.Domain\Entities\UserAssesment.cs(17,32): warning CS8618: Non-nullable property 'User' must contain a non-null value when exiting constructor. Consider adding the 'required' modifier or declaring the property as nullable. [C:\Users\User\source\repos\nour123-pro\CWAVE\CodeWave.Domain\CodeWave.Domain.csproj]
C:\Users\User\source\repos\nour123-pro\CWAVE\CodeWave.Domain\Entities\UserAssesment.cs(18,27): warning CS8618: Non-nullable property 'Assessment' must contain a non-null value when exiting constructor. Consider adding the 'required' modifier or declaring the property as nullable. [C:\Users\User\source\repos\nour123-pro\CWAVE\CodeWave.Domain\CodeWave.Domain.csproj]
C:\Users\User\source\repos\nour123-pro\CWAVE\CodeWave.Domain\Entities\ApplicationUser.cs(7,23): warning CS8618: Non-nullable property 'FirstName' must contain a non-null value when exiting constructor. Consider adding the 'required' modifier or declaring the property as nullable. [C:\Users\User\source\repos\nour123-pro\CWAVE\CodeWave.Domain\CodeWave.Domain.csproj]
C:\Users\User\source\repos\nour123-pro\CWAVE\CodeWave.Domain\Entities\ApplicationUser.cs(8,23): warning CS8618: Non-nullable property 'LastName' must contain a non-null value when exiting constructor. Consider adding the 'required' modifier or declaring the property as nullable. [C:\Users\User\source\repos\nour123-pro\CWAVE\CodeWave.Domain\CodeWave.Domain.csproj]
C:\Users\User\source\repos\nour123-pro\CWAVE\CodeWave.Domain\Entities\ApplicationUser.cs(9,23): warning CS8618: Non-nullable property 'Description' must contain a non-null value when exiting constructor. Consider adding the 'required' modifier or declaring the property as nullable. [C:\Users\User\source\repos\nour123-pro\CWAVE\CodeWave.Domain\CodeWave.Domain.csproj]
C:\Users\User\source\repos\nour123-pro\CWAVE\CodeWave.Domain\Entities\ApplicationUser.cs(11,23): warning CS8618: Non-nullable property 'Level' must contain a non-null value when exiting constructor. Consider adding the 'required' modifier or declaring the property as nullable. [C:\Users\User\source\repos\nour123-pro\CWAVE\CodeWave.Domain\CodeWave.Domain.csproj]
C:\Users\User\source\repos\nour123-pro\CWAVE\CodeWave.Domain\Entities\ApplicationUser.cs(12,23): warning CS8618: Non-nullable property 'LearningPath' must contain a non-null value when exiting constructor. Consider adding the 'required' modifier or declaring the property as nullable. [C:\Users\User\source\repos\nour123-pro\CWAVE\CodeWave.Domain\CodeWave.Domain.csproj]
C:\Users\User\source\repos\nour123-pro\CWAVE\CodeWave.Domain\Entities\QuizAnswerOption.cs(9,23): warning CS8618: Non-nullable property 'Text' must contain a non-null value when exiting constructor. Consider adding the 'required' modifier or declaring the property as nullable. [C:\Users\User\source\repos\nour123-pro\CWAVE\CodeWave.Domain\CodeWave.Domain.csproj]
C:\Users\User\source\repos\nour123-pro\CWAVE\CodeWave.Domain\Entities\QuizAnswerOption.cs(12,29): warning CS8618: Non-nullable property 'QuizQuestion' must contain a non-null value when exiting constructor. Consider adding the 'required' modifier or declaring the property as nullable. [C:\Users\User\source\repos\nour123-pro\CWAVE\CodeWave.Domain\CodeWave.Domain.csproj]
C:\Users\User\source\repos\nour123-pro\CWAVE\CodeWave.Domain\Entities\Quiz.cs(10,23): warning CS8618: Non-nullable property 'Title' must contain a non-null value when exiting constructor. Consider adding the 'required' modifier or declaring the property as nullable. [C:\Users\User\source\repos\nour123-pro\CWAVE\CodeWave.Domain\CodeWave.Domain.csproj]
C:\Users\User\source\repos\nour123-pro\CWAVE\CodeWave.Domain\Entities\Quiz.cs(11,23): warning CS8618: Non-nullable property 'Description' must contain a non-null value when exiting constructor. Consider adding the 'required' modifier or declaring the property as nullable. [C:\Users\User\source\repos\nour123-pro\CWAVE\CodeWave.Domain\CodeWave.Domain.csproj]
C:\Users\User\source\repos\nour123-pro\CWAVE\CodeWave.Domain\Entities\Quiz.cs(15,23): warning CS8618: Non-nullable property 'Course' must contain a non-null value when exiting constructor. Consider adding the 'required' modifier or declaring the property as nullable. [C:\Users\User\source\repos\nour123-pro\CWAVE\CodeWave.Domain\CodeWave.Domain.csproj]
C:\Users\User\source\repos\nour123-pro\CWAVE\CodeWave.Domain\Entities\Question.cs(12,23): warning CS8618: Non-nullable property 'Text' must contain a non-null value when exiting constructor. Consider adding the 'required' modifier or declaring the property as nullable. [C:\Users\User\source\repos\nour123-pro\CWAVE\CodeWave.Domain\CodeWave.Domain.csproj]
C:\Users\User\source\repos\nour123-pro\CWAVE\CodeWave.Domain\Entities\Question.cs(13,23): warning CS8618: Non-nullable property 'Difficulty' must contain a non-null value when exiting constructor. Consider adding the 'required' modifier or declaring the property as nullable. [C:\Users\User\source\repos\nour123-pro\CWAVE\CodeWave.Domain\CodeWave.Domain.csproj]
C:\Users\User\source\repos\nour123-pro\CWAVE\CodeWave.Domain\Entities\Question.cs(18,27): warning CS8618: Non-nullable property 'Assessment' must contain a non-null value when exiting constructor. Consider adding the 'required' modifier or declaring the property as nullable. [C:\Users\User\source\repos\nour123-pro\CWAVE\CodeWave.Domain\CodeWave.Domain.csproj]
C:\Users\User\source\repos\nour123-pro\CWAVE\CodeWave.Application\DTOs\TakeAssessmentDto.cs(25,23): warning CS8618: Non-nullable property 'Text' must contain a non-null value when exiting constructor. Consider adding the 'required' modifier or declaring the property as nullable. [C:\Users\User\source\repos\nour123-pro\CWAVE\CodeWave.Application\CodeWave.Application.csproj]
C:\Users\User\source\repos\nour123-pro\CWAVE\CodeWave.Application\DTOs\QuizDtos.cs(66,23): warning CS8618: Non-nullable property 'QuestionText' must contain a non-null value when exiting constructor. Consider adding the 'required' modifier or declaring the property as nullable. [C:\Users\User\source\repos\nour123-pro\CWAVE\CodeWave.Application\CodeWave.Application.csproj]
C:\Users\User\source\repos\nour123-pro\CWAVE\CodeWave.Application\DTOs\TakeAssessmentDto.cs(17,23): warning CS8618: Non-nullable property 'Text' must contain a non-null value when exiting constructor. Consider adding the 'required' modifier or declaring the property as nullable. [C:\Users\User\source\repos\nour123-pro\CWAVE\CodeWave.Application\CodeWave.Application.csproj]
C:\Users\User\source\repos\nour123-pro\CWAVE\CodeWave.Application\DTOs\TakeAssessmentDto.cs(19,38): warning CS8618: Non-nullable property 'Options' must contain a non-null value when exiting constructor. Consider adding the 'required' modifier or declaring the property as nullable. [C:\Users\User\source\repos\nour123-pro\CWAVE\CodeWave.Application\CodeWave.Application.csproj]
C:\Users\User\source\repos\nour123-pro\CWAVE\CodeWave.Application\ViewModels\LearningPathViewModel.cs(9,23): warning CS8618: Non-nullable property 'Course' must contain a non-null value when exiting constructor. Consider adding the 'required' modifier or declaring the property as nullable. [C:\Users\User\source\repos\nour123-pro\CWAVE\CodeWave.Application\CodeWave.Application.csproj]
C:\Users\User\source\repos\nour123-pro\CWAVE\CodeWave.Application\DTOs\TakeAssessmentDto.cs(9,23): warning CS8618: Non-nullable property 'Title' must contain a non-null value when exiting constructor. Consider adding the 'required' modifier or declaring the property as nullable. [C:\Users\User\source\repos\nour123-pro\CWAVE\CodeWave.Application\CodeWave.Application.csproj]
C:\Users\User\source\repos\nour123-pro\CWAVE\CodeWave.Application\DTOs\TakeAssessmentDto.cs(11,34): warning CS8618: Non-nullable property 'Questions' must contain a non-null value when exiting constructor. Consider adding the 'required' modifier or declaring the property as nullable. [C:\Users\User\source\repos\nour123-pro\CWAVE\CodeWave.Application\CodeWave.Application.csproj]
C:\Users\User\source\repos\nour123-pro\CWAVE\CodeWave.Application\ViewModels\FocusModeViewModel.cs(12,27): warning CS8618: Non-nullable property 'Lesson' must contain a non-null value when exiting constructor. Consider adding the 'required' modifier or declaring the property as nullable. [C:\Users\User\source\repos\nour123-pro\CWAVE\CodeWave.Application\CodeWave.Application.csproj]
C:\Users\User\source\repos\nour123-pro\CWAVE\CodeWave.Application\ViewModels\FocusModeViewModel.cs(13,27): warning CS8618: Non-nullable property 'Course' must contain a non-null value when exiting constructor. Consider adding the 'required' modifier or declaring the property as nullable. [C:\Users\User\source\repos\nour123-pro\CWAVE\CodeWave.Application\CodeWave.Application.csproj]
C:\Users\User\source\repos\nour123-pro\CWAVE\CodeWave.Application\ViewModels\FocusModeViewModel.cs(14,41): warning CS8618: Non-nullable property 'Exercises' must contain a non-null value when exiting constructor. Consider adding the 'required' modifier or declaring the property as nullable. [C:\Users\User\source\repos\nour123-pro\CWAVE\CodeWave.Application\CodeWave.Application.csproj]
C:\Users\User\source\repos\nour123-pro\CWAVE\CodeWave.Application\ViewModels\FocusModeViewModel.cs(15,43): warning CS8618: Non-nullable property 'SolvedLookup' must contain a non-null value when exiting constructor. Consider adding the 'required' modifier or declaring the property as nullable. [C:\Users\User\source\repos\nour123-pro\CWAVE\CodeWave.Application\CodeWave.Application.csproj]
C:\Users\User\source\repos\nour123-pro\CWAVE\CodeWave.Application\DTOs\SubmitAssessmentDto.cs(25,23): warning CS8618: Non-nullable property 'SubmittedCode' must contain a non-null value when exiting constructor. Consider adding the 'required' modifier or declaring the property as nullable. [C:\Users\User\source\repos\nour123-pro\CWAVE\CodeWave.Application\CodeWave.Application.csproj]
C:\Users\User\source\repos\nour123-pro\CWAVE\CodeWave.Application\DTOs\SubmitAssessmentDto.cs(26,23): warning CS8618: Non-nullable property 'Output' must contain a non-null value when exiting constructor. Consider adding the 'required' modifier or declaring the property as nullable. [C:\Users\User\source\repos\nour123-pro\CWAVE\CodeWave.Application\CodeWave.Application.csproj]
C:\Users\User\source\repos\nour123-pro\CWAVE\CodeWave.Application\DTOs\SubmitAssessmentDto.cs(12,39): warning CS8618: Non-nullable property 'Answers' must contain a non-null value when exiting constructor. Consider adding the 'required' modifier or declaring the property as nullable. [C:\Users\User\source\repos\nour123-pro\CWAVE\CodeWave.Application\CodeWave.Application.csproj]
C:\Users\User\source\repos\nour123-pro\CWAVE\CodeWave.Application\DTOs\SubmitAssessmentDto.cs(18,23): warning CS8618: Non-nullable property 'Level' must contain a non-null value when exiting constructor. Consider adding the 'required' modifier or declaring the property as nullable. [C:\Users\User\source\repos\nour123-pro\CWAVE\CodeWave.Application\CodeWave.Application.csproj]
C:\Users\User\source\repos\nour123-pro\CWAVE\CodeWave.Application\DTOs\SubmitAssessmentDto.cs(19,23): warning CS8618: Non-nullable property 'LearningPath' must contain a non-null value when exiting constructor. Consider adding the 'required' modifier or declaring the property as nullable. [C:\Users\User\source\repos\nour123-pro\CWAVE\CodeWave.Application\CodeWave.Application.csproj]
C:\Users\User\source\repos\nour123-pro\CWAVE\CodeWave.Application\DTOs\ProgressDtos.cs(21,23): warning CS8618: Non-nullable property 'SkillName' must contain a non-null value when exiting constructor. Consider adding the 'required' modifier or declaring the property as nullable. [C:\Users\User\source\repos\nour123-pro\CWAVE\CodeWave.Application\CodeWave.Application.csproj]
C:\Users\User\source\repos\nour123-pro\CWAVE\CodeWave.Application\DTOs\ProgressDtos.cs(16,23): warning CS8618: Non-nullable property 'LearningPath' must contain a non-null value when exiting constructor. Consider adding the 'required' modifier or declaring the property as nullable. [C:\Users\User\source\repos\nour123-pro\CWAVE\CodeWave.Application\CodeWave.Application.csproj]
C:\Users\User\source\repos\nour123-pro\CWAVE\CodeWave.Application\DTOs\QuizDtos.cs(38,23): warning CS8618: Non-nullable property 'QuizTitle' must contain a non-null value when exiting constructor. Consider adding the 'required' modifier or declaring the property as nullable. [C:\Users\User\source\repos\nour123-pro\CWAVE\CodeWave.Application\CodeWave.Application.csproj]
C:\Users\User\source\repos\nour123-pro\CWAVE\CodeWave.Application\ViewModels\JavaLearningPathViewModel.cs(13,23): warning CS8618: Non-nullable property 'Course' must contain a non-null value when exiting constructor. Consider adding the 'required' modifier or declaring the property as nullable. [C:\Users\User\source\repos\nour123-pro\CWAVE\CodeWave.Application\CodeWave.Application.csproj]
C:\Users\User\source\repos\nour123-pro\CWAVE\CodeWave.Application\DTOs\QuizDtos.cs(30,23): warning CS8618: Non-nullable property 'Text' must contain a non-null value when exiting constructor. Consider adding the 'required' modifier or declaring the property as nullable. [C:\Users\User\source\repos\nour123-pro\CWAVE\CodeWave.Application\CodeWave.Application.csproj]
C:\Users\User\source\repos\nour123-pro\CWAVE\CodeWave.Application\DTOs\QuizDtos.cs(21,23): warning CS8618: Non-nullable property 'Text' must contain a non-null value when exiting constructor. Consider adding the 'required' modifier or declaring the property as nullable. [C:\Users\User\source\repos\nour123-pro\CWAVE\CodeWave.Application\CodeWave.Application.csproj]
C:\Users\User\source\repos\nour123-pro\CWAVE\CodeWave.Application\DTOs\QuizDtos.cs(22,23): warning CS8618: Non-nullable property 'Difficulty' must contain a non-null value when exiting constructor. Consider adding the 'required' modifier or declaring the property as nullable. [C:\Users\User\source\repos\nour123-pro\CWAVE\CodeWave.Application\CodeWave.Application.csproj]
C:\Users\User\source\repos\nour123-pro\CWAVE\CodeWave.Application\DTOs\ProgressDtos.cs(30,23): warning CS8618: Non-nullable property 'Topic' must contain a non-null value when exiting constructor. Consider adding the 'required' modifier or declaring the property as nullable. [C:\Users\User\source\repos\nour123-pro\CWAVE\CodeWave.Application\CodeWave.Application.csproj]
C:\Users\User\source\repos\nour123-pro\CWAVE\CodeWave.Application\DTOs\ProgressDtos.cs(31,23): warning CS8618: Non-nullable property 'Description' must contain a non-null value when exiting constructor. Consider adding the 'required' modifier or declaring the property as nullable. [C:\Users\User\source\repos\nour123-pro\CWAVE\CodeWave.Application\CodeWave.Application.csproj]
C:\Users\User\source\repos\nour123-pro\CWAVE\CodeWave.Application\DTOs\QuizDtos.cs(10,23): warning CS8618: Non-nullable property 'Title' must contain a non-null value when exiting constructor. Consider adding the 'required' modifier or declaring the property as nullable. [C:\Users\User\source\repos\nour123-pro\CWAVE\CodeWave.Application\CodeWave.Application.csproj]
C:\Users\User\source\repos\nour123-pro\CWAVE\CodeWave.Application\DTOs\QuizDtos.cs(11,23): warning CS8618: Non-nullable property 'Description' must contain a non-null value when exiting constructor. Consider adding the 'required' modifier or declaring the property as nullable. [C:\Users\User\source\repos\nour123-pro\CWAVE\CodeWave.Application\CodeWave.Application.csproj]
C:\Users\User\source\repos\nour123-pro\CWAVE\CodeWave.Infrastructure\Data\Seed\JavaSeed.cs(11,7): warning CS0105: The using directive for 'CodeWave.Domain.Entities' appeared previously in this namespace [C:\Users\User\source\repos\nour123-pro\CWAVE\CodeWave.Infrastructure\CodeWave.Infrastructure.csproj]
C:\Users\User\source\repos\nour123-pro\CWAVE\CodeWave.Infrastructure\Data\Seed\JavaSeed.cs(12,7): warning CS0105: The using directive for 'Microsoft.EntityFrameworkCore' appeared previously in this namespace [C:\Users\User\source\repos\nour123-pro\CWAVE\CodeWave.Infrastructure\CodeWave.Infrastructure.csproj]
C:\Users\User\source\repos\nour123-pro\CWAVE\CodeWave.Infrastructure\Data\Seed\JavaSeed.cs(17,7): warning CS0105: The using directive for 'CodeWave.Domain.Entities' appeared previously in this namespace [C:\Users\User\source\repos\nour123-pro\CWAVE\CodeWave.Infrastructure\CodeWave.Infrastructure.csproj]
C:\Users\User\source\repos\nour123-pro\CWAVE\CodeWave.Infrastructure\Data\Seed\JavaSeed.cs(19,7): warning CS0105: The using directive for 'Microsoft.EntityFrameworkCore' appeared previously in this namespace [C:\Users\User\source\repos\nour123-pro\CWAVE\CodeWave.Infrastructure\CodeWave.Infrastructure.csproj]
C:\Users\User\source\repos\nour123-pro\CWAVE\CodeWave.Infrastructure\Services\CodeRunnerService.cs(6,7): warning CS0105: The using directive for 'System.Diagnostics' appeared previously in this namespace [C:\Users\User\source\repos\nour123-pro\CWAVE\CodeWave.Infrastructure\CodeWave.Infrastructure.csproj]
C:\Users\User\source\repos\nour123-pro\CWAVE\CodeWave.Infrastructure\Services\CodeExecutionService.cs(67,23): warning CS8618: Non-nullable property 'Output' must contain a non-null value when exiting constructor. Consider adding the 'required' modifier or declaring the property as nullable. [C:\Users\User\source\repos\nour123-pro\CWAVE\CodeWave.Infrastructure\CodeWave.Infrastructure.csproj]
C:\Users\User\source\repos\nour123-pro\CWAVE\CodeWave.Infrastructure\Services\CodeExecutionService.cs(68,23): warning CS8618: Non-nullable property 'Error' must contain a non-null value when exiting constructor. Consider adding the 'required' modifier or declaring the property as nullable. [C:\Users\User\source\repos\nour123-pro\CWAVE\CodeWave.Infrastructure\CodeWave.Infrastructure.csproj]
C:\Users\User\source\repos\nour123-pro\CWAVE\CodeWave.Infrastructure\Services\CodeService.cs(80,26): warning CS8601: Possible null reference assignment. [C:\Users\User\source\repos\nour123-pro\CWAVE\CodeWave.Infrastructure\CodeWave.Infrastructure.csproj]
C:\Users\User\source\repos\nour123-pro\CWAVE\CodeWave.Infrastructure\Services\CodeService.cs(90,33): warning CS8601: Possible null reference assignment. [C:\Users\User\source\repos\nour123-pro\CWAVE\CodeWave.Infrastructure\CodeWave.Infrastructure.csproj]
C:\Users\User\source\repos\nour123-pro\CWAVE\CodeWave.Infrastructure\Services\CodeRunnerService.cs(65,35): warning CS8602: Dereference of a possibly null reference. [C:\Users\User\source\repos\nour123-pro\CWAVE\CodeWave.Infrastructure\CodeWave.Infrastructure.csproj]
C:\Users\User\source\repos\nour123-pro\CWAVE\CodeWave.Infrastructure\Services\AssessmentService.cs(28,32): warning CS8602: Dereference of a possibly null reference. [C:\Users\User\source\repos\nour123-pro\CWAVE\CodeWave.Infrastructure\CodeWave.Infrastructure.csproj]
C:\Users\User\source\repos\nour123-pro\CWAVE\CodeWave.Infrastructure\Services\AssessmentService.cs(105,13): warning CS8602: Dereference of a possibly null reference. [C:\Users\User\source\repos\nour123-pro\CWAVE\CodeWave.Infrastructure\CodeWave.Infrastructure.csproj]
C:\Users\User\source\repos\nour123-pro\CWAVE\CodeWave.Infrastructure\Services\QuizService.cs(70,24): warning CS8603: Possible null reference return. [C:\Users\User\source\repos\nour123-pro\CWAVE\CodeWave.Infrastructure\CodeWave.Infrastructure.csproj]
C:\Users\User\source\repos\nour123-pro\CWAVE\CodeWave.Web\Controllers\JavaRunner.cs(5,7): warning CS0105: The using directive for 'System.Diagnostics' appeared previously in this namespace [C:\Users\User\source\repos\nour123-pro\CWAVE\CodeWave.Web\CodeWave.Web.csproj]
C:\Users\User\source\repos\nour123-pro\CWAVE\CodeWave.Web\Models\AuthViewModels.cs(75,23): warning CS8618: Non-nullable property 'Email' must contain a non-null value when exiting constructor. Consider adding the 'required' modifier or declaring the property as nullable. [C:\Users\User\source\repos\nour123-pro\CWAVE\CodeWave.Web\CodeWave.Web.csproj]
C:\Users\User\source\repos\nour123-pro\CWAVE\CodeWave.Web\Models\AuthViewModels.cs(81,23): warning CS8618: Non-nullable property 'NewPassword' must contain a non-null value when exiting constructor. Consider adding the 'required' modifier or declaring the property as nullable. [C:\Users\User\source\repos\nour123-pro\CWAVE\CodeWave.Web\CodeWave.Web.csproj]
C:\Users\User\source\repos\nour123-pro\CWAVE\CodeWave.Web\Models\AuthViewModels.cs(87,23): warning CS8618: Non-nullable property 'ConfirmNewPassword' must contain a non-null value when exiting constructor. Consider adding the 'required' modifier or declaring the property as nullable. [C:\Users\User\source\repos\nour123-pro\CWAVE\CodeWave.Web\CodeWave.Web.csproj]
C:\Users\User\source\repos\nour123-pro\CWAVE\CodeWave.Web\Models\AuthViewModels.cs(90,23): warning CS8618: Non-nullable property 'Token' must contain a non-null value when exiting constructor. Consider adding the 'required' modifier or declaring the property as nullable. [C:\Users\User\source\repos\nour123-pro\CWAVE\CodeWave.Web\CodeWave.Web.csproj]
C:\Users\User\source\repos\nour123-pro\CWAVE\CodeWave.Web\Models\AuthViewModels.cs(68,23): warning CS8618: Non-nullable property 'Email' must contain a non-null value when exiting constructor. Consider adding the 'required' modifier or declaring the property as nullable. [C:\Users\User\source\repos\nour123-pro\CWAVE\CodeWave.Web\CodeWave.Web.csproj]
C:\Users\User\source\repos\nour123-pro\CWAVE\CodeWave.Web\Models\AuthViewModels.cs(48,23): warning CS8618: Non-nullable property 'CurrentPassword' must contain a non-null value when exiting constructor. Consider adding the 'required' modifier or declaring the property as nullable. [C:\Users\User\source\repos\nour123-pro\CWAVE\CodeWave.Web\CodeWave.Web.csproj]
C:\Users\User\source\repos\nour123-pro\CWAVE\CodeWave.Web\Models\AuthViewModels.cs(54,23): warning CS8618: Non-nullable property 'NewPassword' must contain a non-null value when exiting constructor. Consider adding the 'required' modifier or declaring the property as nullable. [C:\Users\User\source\repos\nour123-pro\CWAVE\CodeWave.Web\CodeWave.Web.csproj]
C:\Users\User\source\repos\nour123-pro\CWAVE\CodeWave.Web\Models\AuthViewModels.cs(60,23): warning CS8618: Non-nullable property 'ConfirmNewPassword' must contain a non-null value when exiting constructor. Consider adding the 'required' modifier or declaring the property as nullable. [C:\Users\User\source\repos\nour123-pro\CWAVE\CodeWave.Web\CodeWave.Web.csproj]
C:\Users\User\source\repos\nour123-pro\CWAVE\CodeWave.Web\Models\AuthViewModels.cs(22,23): warning CS8618: Non-nullable property 'FirstName' must contain a non-null value when exiting constructor. Consider adding the 'required' modifier or declaring the property as nullable. [C:\Users\User\source\repos\nour123-pro\CWAVE\CodeWave.Web\CodeWave.Web.csproj]
C:\Users\User\source\repos\nour123-pro\CWAVE\CodeWave.Web\Models\AuthViewModels.cs(26,23): warning CS8618: Non-nullable property 'LastName' must contain a non-null value when exiting constructor. Consider adding the 'required' modifier or declaring the property as nullable. [C:\Users\User\source\repos\nour123-pro\CWAVE\CodeWave.Web\CodeWave.Web.csproj]
C:\Users\User\source\repos\nour123-pro\CWAVE\CodeWave.Web\Models\AuthViewModels.cs(30,23): warning CS8618: Non-nullable property 'Email' must contain a non-null value when exiting constructor. Consider adding the 'required' modifier or declaring the property as nullable. [C:\Users\User\source\repos\nour123-pro\CWAVE\CodeWave.Web\CodeWave.Web.csproj]
C:\Users\User\source\repos\nour123-pro\CWAVE\CodeWave.Web\Models\AuthViewModels.cs(34,23): warning CS8618: Non-nullable property 'Password' must contain a non-null value when exiting constructor. Consider adding the 'required' modifier or declaring the property as nullable. [C:\Users\User\source\repos\nour123-pro\CWAVE\CodeWave.Web\CodeWave.Web.csproj]
C:\Users\User\source\repos\nour123-pro\CWAVE\CodeWave.Web\Models\AuthViewModels.cs(40,23): warning CS8618: Non-nullable property 'ConfirmPassword' must contain a non-null value when exiting constructor. Consider adding the 'required' modifier or declaring the property as nullable. [C:\Users\User\source\repos\nour123-pro\CWAVE\CodeWave.Web\CodeWave.Web.csproj]
C:\Users\User\source\repos\nour123-pro\CWAVE\CodeWave.Web\Models\AuthViewModels.cs(9,23): warning CS8618: Non-nullable property 'Email' must contain a non-null value when exiting constructor. Consider adding the 'required' modifier or declaring the property as nullable. [C:\Users\User\source\repos\nour123-pro\CWAVE\CodeWave.Web\CodeWave.Web.csproj]
C:\Users\User\source\repos\nour123-pro\CWAVE\CodeWave.Web\Models\AuthViewModels.cs(13,23): warning CS8618: Non-nullable property 'Password' must contain a non-null value when exiting constructor. Consider adding the 'required' modifier or declaring the property as nullable. [C:\Users\User\source\repos\nour123-pro\CWAVE\CodeWave.Web\CodeWave.Web.csproj]
C:\Users\User\source\repos\nour123-pro\CWAVE\CodeWave.Web\Controllers\AssessmentController.cs(43,35): warning CS8604: Possible null reference argument for parameter 's' in 'int int.Parse(string s)'. [C:\Users\User\source\repos\nour123-pro\CWAVE\CodeWave.Web\CodeWave.Web.csproj]
C:\Users\User\source\repos\nour123-pro\CWAVE\CodeWave.Web\Controllers\AssessmentController.cs(45,26): warning CS8602: Dereference of a possibly null reference. [C:\Users\User\source\repos\nour123-pro\CWAVE\CodeWave.Web\CodeWave.Web.csproj]
C:\Users\User\source\repos\nour123-pro\CWAVE\CodeWave.Web\Controllers\AssessmentController.cs(62,95): warning CS8604: Possible null reference argument for parameter 'json' in 'Dictionary<Guid, Guid>? JsonSerializer.Deserialize<Dictionary<Guid, Guid>>(string json, JsonSerializerOptions? options = null)'. [C:\Users\User\source\repos\nour123-pro\CWAVE\CodeWave.Web\CodeWave.Web.csproj]
C:\Users\User\source\repos\nour123-pro\CWAVE\CodeWave.Web\Controllers\AssessmentController.cs(65,17): warning CS8602: Dereference of a possibly null reference. [C:\Users\User\source\repos\nour123-pro\CWAVE\CodeWave.Web\CodeWave.Web.csproj]
C:\Users\User\source\repos\nour123-pro\CWAVE\CodeWave.Web\Controllers\AssessmentController.cs(70,35): warning CS8604: Possible null reference argument for parameter 's' in 'int int.Parse(string s)'. [C:\Users\User\source\repos\nour123-pro\CWAVE\CodeWave.Web\CodeWave.Web.csproj]
C:\Users\User\source\repos\nour123-pro\CWAVE\CodeWave.Web\Controllers\AssessmentController.cs(80,35): warning CS8604: Possible null reference argument for parameter 's' in 'int int.Parse(string s)'. [C:\Users\User\source\repos\nour123-pro\CWAVE\CodeWave.Web\CodeWave.Web.csproj]
C:\Users\User\source\repos\nour123-pro\CWAVE\CodeWave.Web\Views\LearningPath\FocusModeLesson.cshtml(552,76): warning CS8602: Dereference of a possibly null reference. [C:\Users\User\source\repos\nour123-pro\CWAVE\CodeWave.Web\CodeWave.Web.csproj]
C:\Users\User\source\repos\nour123-pro\CWAVE\CodeWave.Web\Controllers\AssessmentController.cs(92,93): warning CS8604: Possible null reference argument for parameter 'json' in 'TakeAssessmentDto? JsonSerializer.Deserialize<TakeAssessmentDto>(string json, JsonSerializerOptions? options = null)'. [C:\Users\User\source\repos\nour123-pro\CWAVE\CodeWave.Web\CodeWave.Web.csproj]
C:\Users\User\source\repos\nour123-pro\CWAVE\CodeWave.Web\Controllers\AssessmentController.cs(95,95): warning CS8604: Possible null reference argument for parameter 'json' in 'Dictionary<Guid, Guid>? JsonSerializer.Deserialize<Dictionary<Guid, Guid>>(string json, JsonSerializerOptions? options = null)'. [C:\Users\User\source\repos\nour123-pro\CWAVE\CodeWave.Web\CodeWave.Web.csproj]
C:\Users\User\source\repos\nour123-pro\CWAVE\CodeWave.Web\Controllers\AssessmentController.cs(106,32): warning CS8602: Dereference of a possibly null reference. [C:\Users\User\source\repos\nour123-pro\CWAVE\CodeWave.Web\CodeWave.Web.csproj]
C:\Users\User\source\repos\nour123-pro\CWAVE\CodeWave.Web\Controllers\AssessmentController.cs(108,27): warning CS8601: Possible null reference assignment. [C:\Users\User\source\repos\nour123-pro\CWAVE\CodeWave.Web\CodeWave.Web.csproj]
C:\Users\User\source\repos\nour123-pro\CWAVE\CodeWave.Web\Controllers\UserController.cs(98,31): warning CS8625: Cannot convert null literal to non-nullable reference type. [C:\Users\User\source\repos\nour123-pro\CWAVE\CodeWave.Web\CodeWave.Web.csproj]
C:\Users\User\source\repos\nour123-pro\CWAVE\CodeWave.Web\Controllers\UserController.cs(99,25): warning CS8625: Cannot convert null literal to non-nullable reference type. [C:\Users\User\source\repos\nour123-pro\CWAVE\CodeWave.Web\CodeWave.Web.csproj]
C:\Users\User\source\repos\nour123-pro\CWAVE\CodeWave.Web\Controllers\UserController.cs(100,32): warning CS8625: Cannot convert null literal to non-nullable reference type. [C:\Users\User\source\repos\nour123-pro\CWAVE\CodeWave.Web\CodeWave.Web.csproj]
C:\Users\User\source\repos\nour123-pro\CWAVE\CodeWave.Web\Controllers\CodeController.cs(49,23): warning CS8618: Non-nullable property 'Language' must contain a non-null value when exiting constructor. Consider adding the 'required' modifier or declaring the property as nullable. [C:\Users\User\source\repos\nour123-pro\CWAVE\CodeWave.Web\CodeWave.Web.csproj]
C:\Users\User\source\repos\nour123-pro\CWAVE\CodeWave.Web\Controllers\CodeController.cs(50,23): warning CS8618: Non-nullable property 'Code' must contain a non-null value when exiting constructor. Consider adding the 'required' modifier or declaring the property as nullable. [C:\Users\User\source\repos\nour123-pro\CWAVE\CodeWave.Web\CodeWave.Web.csproj]
C:\Users\User\source\repos\nour123-pro\CWAVE\CodeWave.Web\Views\Quiz\Index.cshtml(79,74): warning CS8629: Nullable value type may be null. [C:\Users\User\source\repos\nour123-pro\CWAVE\CodeWave.Web\CodeWave.Web.csproj]
C:\Users\User\source\repos\nour123-pro\CWAVE\CodeWave.Web\Views\Quiz\Index.cshtml(82,70): warning CS8629: Nullable value type may be null. [C:\Users\User\source\repos\nour123-pro\CWAVE\CodeWave.Web\CodeWave.Web.csproj]
C:\Users\User\source\repos\nour123-pro\CWAVE\CodeWave.Web\Controllers\UserController.cs(200,31): warning CS8625: Cannot convert null literal to non-nullable reference type. [C:\Users\User\source\repos\nour123-pro\CWAVE\CodeWave.Web\CodeWave.Web.csproj]
C:\Users\User\source\repos\nour123-pro\CWAVE\CodeWave.Web\Controllers\UserController.cs(201,25): warning CS8625: Cannot convert null literal to non-nullable reference type. [C:\Users\User\source\repos\nour123-pro\CWAVE\CodeWave.Web\CodeWave.Web.csproj]
C:\Users\User\source\repos\nour123-pro\CWAVE\CodeWave.Web\Controllers\UserController.cs(202,32): warning CS8625: Cannot convert null literal to non-nullable reference type. [C:\Users\User\source\repos\nour123-pro\CWAVE\CodeWave.Web\CodeWave.Web.csproj]
C:\Users\User\source\repos\nour123-pro\CWAVE\CodeWave.Web\Views\Home\Index.cshtml(129,52): warning CS8600: Converting null literal or possible null value to non-nullable type. [C:\Users\User\source\repos\nour123-pro\CWAVE\CodeWave.Web\CodeWave.Web.csproj]
C:\Users\User\source\repos\nour123-pro\CWAVE\CodeWave.Web\Views\Home\Index.cshtml(139,52): warning CS8600: Converting null literal or possible null value to non-nullable type. [C:\Users\User\source\repos\nour123-pro\CWAVE\CodeWave.Web\CodeWave.Web.csproj]
C:\Users\User\source\repos\nour123-pro\CWAVE\CodeWave.Web\Views\Home\Index.cshtml(154,55): warning CS8600: Converting null literal or possible null value to non-nullable type. [C:\Users\User\source\repos\nour123-pro\CWAVE\CodeWave.Web\CodeWave.Web.csproj]
C:\Users\User\source\repos\nour123-pro\CWAVE\CodeWave.Web\Views\Home\Index.cshtml(159,55): warning CS8600: Converting null literal or possible null value to non-nullable type. [C:\Users\User\source\repos\nour123-pro\CWAVE\CodeWave.Web\CodeWave.Web.csproj]
C:\Users\User\source\repos\nour123-pro\CWAVE\CodeWave.Web\Controllers\UserController.cs(290,31): warning CS8625: Cannot convert null literal to non-nullable reference type. [C:\Users\User\source\repos\nour123-pro\CWAVE\CodeWave.Web\CodeWave.Web.csproj]
C:\Users\User\source\repos\nour123-pro\CWAVE\CodeWave.Web\Controllers\UserController.cs(291,25): warning CS8625: Cannot convert null literal to non-nullable reference type. [C:\Users\User\source\repos\nour123-pro\CWAVE\CodeWave.Web\CodeWave.Web.csproj]
C:\Users\User\source\repos\nour123-pro\CWAVE\CodeWave.Web\Controllers\UserController.cs(292,32): warning CS8625: Cannot convert null literal to non-nullable reference type. [C:\Users\User\source\repos\nour123-pro\CWAVE\CodeWave.Web\CodeWave.Web.csproj]
C:\Users\User\source\repos\nour123-pro\CWAVE\CodeWave.Web\Controllers\HomeController.cs(82,44): warning CS8600: Converting null literal or possible null value to non-nullable type. [C:\Users\User\source\repos\nour123-pro\CWAVE\CodeWave.Web\CodeWave.Web.csproj]
C:\Users\User\source\repos\nour123-pro\CWAVE\CodeWave.Web\Controllers\HomeController.cs(83,37): warning CS8600: Converting null literal or possible null value to non-nullable type. [C:\Users\User\source\repos\nour123-pro\CWAVE\CodeWave.Web\CodeWave.Web.csproj]
C:\Users\User\source\repos\nour123-pro\CWAVE\CodeWave.Web\Controllers\HomeController.cs(89,41): warning CS8600: Converting null literal or possible null value to non-nullable type. [C:\Users\User\source\repos\nour123-pro\CWAVE\CodeWave.Web\CodeWave.Web.csproj]
C:\Users\User\source\repos\nour123-pro\CWAVE\CodeWave.Web\Controllers\HomeController.cs(97,41): warning CS8600: Converting null literal or possible null value to non-nullable type. [C:\Users\User\source\repos\nour123-pro\CWAVE\CodeWave.Web\CodeWave.Web.csproj]
C:\Users\User\source\repos\nour123-pro\CWAVE\CodeWave.Web\Controllers\HomeController.cs(105,41): warning CS8600: Converting null literal or possible null value to non-nullable type. [C:\Users\User\source\repos\nour123-pro\CWAVE\CodeWave.Web\CodeWave.Web.csproj]
C:\Users\User\source\repos\nour123-pro\CWAVE\CodeWave.Web\Controllers\HomeController.cs(117,38): warning CS8600: Converting null literal or possible null value to non-nullable type. [C:\Users\User\source\repos\nour123-pro\CWAVE\CodeWave.Web\CodeWave.Web.csproj]
C:\Users\User\source\repos\nour123-pro\CWAVE\CodeWave.Web\Controllers\HomeController.cs(154,82): warning CS8629: Nullable value type may be null. [C:\Users\User\source\repos\nour123-pro\CWAVE\CodeWave.Web\CodeWave.Web.csproj]
C:\Users\User\source\repos\nour123-pro\CWAVE\CodeWave.Web\Controllers\HomeController.cs(157,78): warning CS8629: Nullable value type may be null. [C:\Users\User\source\repos\nour123-pro\CWAVE\CodeWave.Web\CodeWave.Web.csproj]
C:\Users\User\source\repos\nour123-pro\CWAVE\CodeWave.Web\Controllers\QuizController.cs(223,74): warning CS8629: Nullable value type may be null. [C:\Users\User\source\repos\nour123-pro\CWAVE\CodeWave.Web\CodeWave.Web.csproj]
C:\Users\User\source\repos\nour123-pro\CWAVE\CodeWave.Web\Controllers\QuizController.cs(226,70): warning CS8629: Nullable value type may be null. [C:\Users\User\source\repos\nour123-pro\CWAVE\CodeWave.Web\CodeWave.Web.csproj]
    153 Warning(s)
    0 Error(s)

Time Elapsed 00:00:05.31
